../lmic/lorabase.h:362:14:getSf	16	static
../lmic/lorabase.h:363:14:setSf	16	static
../lmic/lorabase.h:364:14:getBw	16	static
../lmic/lorabase.h:365:14:setBw	16	static
../lmic/lorabase.h:366:14:getCr	16	static
../lmic/lorabase.h:367:14:setCr	16	static
../lmic/lorabase.h:368:14:getNocrc	16	static
../lmic/lorabase.h:369:14:setNocrc	16	static
../lmic/lorabase.h:370:14:getIh	16	static
../lmic/lorabase.h:371:14:setIh	16	static
../lmic/lorabase.h:372:14:makeRps	16	static
../lmic/lorabase.h:377:12:sameSfBw	16	static
../lmic/lorabase.h:380:14:updr2rps	16	static
../lmic/lorabase.h:381:14:dndr2rps	16	static
../lmic/lorabase.h:382:12:isFasterDR	16	static
../lmic/lorabase.h:383:12:isSlowerDR	16	static
../lmic/lorabase.h:384:14:incDR	16	static
../lmic/lorabase.h:385:14:decDR	16	static
../lmic/lorabase.h:386:14:assertDR	16	static
../lmic/lorabase.h:387:13:validDR	16	static
../lmic/lorabase.h:388:14:lowerDR	16	static
../lmic/lmic.c:78:10:os_rlsbf2	16	static
../lmic/lmic.c:84:10:os_rlsbf4	16	static
../lmic/lmic.c:91:10:os_rmsbf4	16	static
../lmic/lmic.c:98:6:os_wlsbf2	16	static
../lmic/lmic.c:105:6:os_wlsbf4	16	static
../lmic/lmic.c:114:6:os_wmsbf4	16	static
../lmic/lmic.c:123:9:os_getBattLevel	4	static
../lmic/lmic.c:130:10:os_crc16	32	static
../lmic/lmic.c:154:13:micB0	24	static
../lmic/lmic.c:164:12:aes_verifyMic	32	static
../lmic/lmic.c:171:13:aes_appendMic	32	static
../lmic/lmic.c:179:13:aes_appendMic0	24	static
../lmic/lmic.c:185:12:aes_verifyMic0	24	static
../lmic/lmic.c:191:13:aes_encrypt	16	static
../lmic/lmic.c:197:13:aes_cipher	24	static
../lmic/lmic.c:210:13:aes_sessKeys	24	static
../lmic/lmic.c:294:5:getSensitivity	24	static
../lmic/lmic.c:298:10:calcAirTime	40	static
../lmic/lmic.c:409:17:calcRxWindow	40	static
../lmic/lmic.c:429:13:calcBcnRxWindowFromMillis	56	static
../lmic/lmic.c:445:13:rxschedInit	56	static
../lmic/lmic.c:462:13:rxschedNext	32	static
../lmic/lmic.c:481:17:rndDelay	32	static
../lmic/lmic.c:492:13:txDelay	16	static
../lmic/lmic.c:501:13:setDrJoin	16	static
../lmic/lmic.c:513:13:setDrTxpow	16	static
../lmic/lmic.c:532:6:LMIC_stopPingable	4	static
../lmic/lmic.c:537:6:LMIC_setPingable	16	static
../lmic/lmic.c:775:13:initDefaultChannels	16	static
../lmic/lmic.c:781:17:convFreq	24	static
../lmic/lmic.c:788:6:LMIC_setupChannel	16	static
../lmic/lmic.c:798:6:LMIC_disableChannel	16	static
../lmic/lmic.c:803:6:LMIC_enableChannel	16	static
../lmic/lmic.c:808:7:LMIC_enableSubBand	24	static
../lmic/lmic.c:815:7:LMIC_disableSubBand	24	static
../lmic/lmic.c:822:7:LMIC_selectSubBand	24	static
../lmic/lmic.c:832:16:mapChannels	24	static
../lmic/lmic.c:846:13:updateTx	24	static
../lmic/lmic.c:870:13:_nextTx	16	static
../lmic/lmic.c:894:13:setBcnRxParams	8	static
../lmic/lmic.c:911:13:initJoinLoop	8	static
../lmic/lmic.c:920:17:nextJoinState	24	static
../lmic/lmic.c:960:13:runEngineUpdate	16	static
../lmic/lmic.c:965:13:reportEvent	16	static
../lmic/lmic.c:974:13:runReset	16	static
../lmic/lmic.c:983:13:stateJustJoined	4	static
../lmic/lmic.c:1020:12:decodeBeacon	24	static
../lmic/lmic.c:1057:13:decodeFrame	144	static
../lmic/lmic.c:1366:13:setupRx2	8	static
../lmic/lmic.c:1375:13:schedRx12	64	static
../lmic/lmic.c:1408:13:setupRx1	16	static
../lmic/lmic.c:1419:13:txDone	16	static
../lmic/lmic.c:1450:13:onJoinFailed	16	static
../lmic/lmic.c:1457:13:processJoinAccept	24	static
../lmic/lmic.c:1564:13:processRx2Jacc	16	static
../lmic/lmic.c:1571:13:setupRx2Jacc	16	static
../lmic/lmic.c:1577:13:processRx1Jacc	16	static
../lmic/lmic.c:1583:13:setupRx1Jacc	16	static
../lmic/lmic.c:1588:13:jreqDone	16	static
../lmic/lmic.c:1599:13:processRx2DnData	16	static
../lmic/lmic.c:1613:13:setupRx2DnData	16	static
../lmic/lmic.c:1619:13:processRx1DnData	24	static
../lmic/lmic.c:1625:13:setupRx1DnData	16	static
../lmic/lmic.c:1630:13:updataDone	16	static
../lmic/lmic.c:1637:13:buildDataFrame	40	static
../lmic/lmic.c:1768:13:onBcnRx	16	static
../lmic/lmic.c:1800:13:startScan	8	static
../lmic/lmic.c:1814:6:LMIC_enableTracking	16	static
../lmic/lmic.c:1825:6:LMIC_disableTracking	8	static
../lmic/lmic.c:1840:13:buildJoinRequest	24	static
../lmic/lmic.c:1863:13:startJoining	16	static
../lmic/lmic.c:1868:6:LMIC_startJoining	8	static
../lmic/lmic.c:1896:13:processPingRx	16	static
../lmic/lmic.c:1910:13:processDnData	16	static
../lmic/lmic.c:1977:13:processBeacon	40	static
../lmic/lmic.c:2040:13:startRxBcn	16	static
../lmic/lmic.c:2048:13:startRxPing	16	static
../lmic/lmic.c:2056:13:engineUpdate	32	static
../lmic/lmic.c:2245:6:LMIC_setAdrMode	16	static
../lmic/lmic.c:2251:6:LMIC_setDrTxpow	16	static
../lmic/lmic.c:2256:6:LMIC_shutdown	8	static
../lmic/lmic.c:2263:6:LMIC_reset	16	static
../lmic/lmic.c:2299:6:LMIC_init	4	static
../lmic/lmic.c:2304:6:LMIC_clrTxData	8	static
../lmic/lmic.c:2315:6:LMIC_setTxData	8	static
../lmic/lmic.c:2324:5:LMIC_setTxData2	16	static
../lmic/lmic.c:2338:6:LMIC_sendAlive	8	static
../lmic/lmic.c:2345:6:LMIC_tryRejoin	8	static
../lmic/lmic.c:2364:6:LMIC_setSession	32	static
../lmic/lmic.c:2395:6:LMIC_setLinkCheckMode	16	static
../lmic/lmic.c:2403:6:LMIC_setClockError	16	static
