Archive member included to satisfy reference by file (symbol)

D:/STM32CubeIDE_1.13.2/STM32CubeIDE/plugins/com.st.stm32cube.ide.mcu.externaltools.gnu-tools-for-stm32.11.3.rel1.win32_1.1.1.202309131626/tools/bin/../lib/gcc/arm-none-eabi/11.3.1/../../../../arm-none-eabi/lib/thumb/v7e-m+fp/hard\libc_nano.a(libc_a-exit.o)
                              D:/STM32CubeIDE_1.13.2/STM32CubeIDE/plugins/com.st.stm32cube.ide.mcu.externaltools.gnu-tools-for-stm32.11.3.rel1.win32_1.1.1.202309131626/tools/bin/../lib/gcc/arm-none-eabi/11.3.1/../../../../arm-none-eabi/lib/thumb/v7e-m+fp/hard/crt0.o (exit)
D:/STM32CubeIDE_1.13.2/STM32CubeIDE/plugins/com.st.stm32cube.ide.mcu.externaltools.gnu-tools-for-stm32.11.3.rel1.win32_1.1.1.202309131626/tools/bin/../lib/gcc/arm-none-eabi/11.3.1/../../../../arm-none-eabi/lib/thumb/v7e-m+fp/hard\libc_nano.a(libc_a-strtod.o)
                              ./Core/Src/lwgps.o (strtod)
D:/STM32CubeIDE_1.13.2/STM32CubeIDE/plugins/com.st.stm32cube.ide.mcu.externaltools.gnu-tools-for-stm32.11.3.rel1.win32_1.1.1.202309131626/tools/bin/../lib/gcc/arm-none-eabi/11.3.1/../../../../arm-none-eabi/lib/thumb/v7e-m+fp/hard\libc_nano.a(libc_a-findfp.o)
                              D:/STM32CubeIDE_1.13.2/STM32CubeIDE/plugins/com.st.stm32cube.ide.mcu.externaltools.gnu-tools-for-stm32.11.3.rel1.win32_1.1.1.202309131626/tools/bin/../lib/gcc/arm-none-eabi/11.3.1/../../../../arm-none-eabi/lib/thumb/v7e-m+fp/hard\libc_nano.a(libc_a-exit.o) (__stdio_exit_handler)
D:/STM32CubeIDE_1.13.2/STM32CubeIDE/plugins/com.st.stm32cube.ide.mcu.externaltools.gnu-tools-for-stm32.11.3.rel1.win32_1.1.1.202309131626/tools/bin/../lib/gcc/arm-none-eabi/11.3.1/../../../../arm-none-eabi/lib/thumb/v7e-m+fp/hard\libc_nano.a(libc_a-fwalk.o)
                              D:/STM32CubeIDE_1.13.2/STM32CubeIDE/plugins/com.st.stm32cube.ide.mcu.externaltools.gnu-tools-for-stm32.11.3.rel1.win32_1.1.1.202309131626/tools/bin/../lib/gcc/arm-none-eabi/11.3.1/../../../../arm-none-eabi/lib/thumb/v7e-m+fp/hard\libc_nano.a(libc_a-findfp.o) (_fwalk_sglue)
D:/STM32CubeIDE_1.13.2/STM32CubeIDE/plugins/com.st.stm32cube.ide.mcu.externaltools.gnu-tools-for-stm32.11.3.rel1.win32_1.1.1.202309131626/tools/bin/../lib/gcc/arm-none-eabi/11.3.1/../../../../arm-none-eabi/lib/thumb/v7e-m+fp/hard\libc_nano.a(libc_a-puts.o)
                              ./lmic/radio.o (puts)
D:/STM32CubeIDE_1.13.2/STM32CubeIDE/plugins/com.st.stm32cube.ide.mcu.externaltools.gnu-tools-for-stm32.11.3.rel1.win32_1.1.1.202309131626/tools/bin/../lib/gcc/arm-none-eabi/11.3.1/../../../../arm-none-eabi/lib/thumb/v7e-m+fp/hard\libc_nano.a(libc_a-stdio.o)
                              D:/STM32CubeIDE_1.13.2/STM32CubeIDE/plugins/com.st.stm32cube.ide.mcu.externaltools.gnu-tools-for-stm32.11.3.rel1.win32_1.1.1.202309131626/tools/bin/../lib/gcc/arm-none-eabi/11.3.1/../../../../arm-none-eabi/lib/thumb/v7e-m+fp/hard\libc_nano.a(libc_a-findfp.o) (__sread)
D:/STM32CubeIDE_1.13.2/STM32CubeIDE/plugins/com.st.stm32cube.ide.mcu.externaltools.gnu-tools-for-stm32.11.3.rel1.win32_1.1.1.202309131626/tools/bin/../lib/gcc/arm-none-eabi/11.3.1/../../../../arm-none-eabi/lib/thumb/v7e-m+fp/hard\libc_nano.a(libc_a-vsnprintf.o)
                              ./stm32/debug.o (vsnprintf)
D:/STM32CubeIDE_1.13.2/STM32CubeIDE/plugins/com.st.stm32cube.ide.mcu.externaltools.gnu-tools-for-stm32.11.3.rel1.win32_1.1.1.202309131626/tools/bin/../lib/gcc/arm-none-eabi/11.3.1/../../../../arm-none-eabi/lib/thumb/v7e-m+fp/hard\libc_nano.a(libc_a-wbuf.o)
                              D:/STM32CubeIDE_1.13.2/STM32CubeIDE/plugins/com.st.stm32cube.ide.mcu.externaltools.gnu-tools-for-stm32.11.3.rel1.win32_1.1.1.202309131626/tools/bin/../lib/gcc/arm-none-eabi/11.3.1/../../../../arm-none-eabi/lib/thumb/v7e-m+fp/hard\libc_nano.a(libc_a-puts.o) (__swbuf_r)
D:/STM32CubeIDE_1.13.2/STM32CubeIDE/plugins/com.st.stm32cube.ide.mcu.externaltools.gnu-tools-for-stm32.11.3.rel1.win32_1.1.1.202309131626/tools/bin/../lib/gcc/arm-none-eabi/11.3.1/../../../../arm-none-eabi/lib/thumb/v7e-m+fp/hard\libc_nano.a(libc_a-wsetup.o)
                              D:/STM32CubeIDE_1.13.2/STM32CubeIDE/plugins/com.st.stm32cube.ide.mcu.externaltools.gnu-tools-for-stm32.11.3.rel1.win32_1.1.1.202309131626/tools/bin/../lib/gcc/arm-none-eabi/11.3.1/../../../../arm-none-eabi/lib/thumb/v7e-m+fp/hard\libc_nano.a(libc_a-puts.o) (__swsetup_r)
D:/STM32CubeIDE_1.13.2/STM32CubeIDE/plugins/com.st.stm32cube.ide.mcu.externaltools.gnu-tools-for-stm32.11.3.rel1.win32_1.1.1.202309131626/tools/bin/../lib/gcc/arm-none-eabi/11.3.1/../../../../arm-none-eabi/lib/thumb/v7e-m+fp/hard\libc_nano.a(libc_a-memset.o)
                              D:/STM32CubeIDE_1.13.2/STM32CubeIDE/plugins/com.st.stm32cube.ide.mcu.externaltools.gnu-tools-for-stm32.11.3.rel1.win32_1.1.1.202309131626/tools/bin/../lib/gcc/arm-none-eabi/11.3.1/../../../../arm-none-eabi/lib/thumb/v7e-m+fp/hard/crt0.o (memset)
[...]
Memory Configuration

Name             Origin             Length             Attributes
CCMRAM           0x0000000010000000 0x0000000000004000 xrw
RAM              0x0000000020000000 0x0000000000010000 xrw
FLASH            0x0000000008000000 0x0000000000080000 xr
*default*        0x0000000000000000 0xffffffffffffffff

Linker script and memory map

LOAD D:/STM32CubeIDE_1.13.2/STM32CubeIDE/plugins/com.st.stm32cube.ide.mcu.externaltools.gnu-tools-for-stm32.11.3.rel1.win32_1.1.1.202309131626/tools/bin/../lib/gcc/arm-none-eabi/11.3.1/thumb/v7e-m+fp/hard/crti.o
LOAD D:/STM32CubeIDE_1.13.2/STM32CubeIDE/plugins/com.st.stm32cube.ide.mcu.externaltools.gnu-tools-for-stm32.11.3.rel1.win32_1.1.1.202309131626/tools/bin/../lib/gcc/arm-none-eabi/11.3.1/thumb/v7e-m+fp/hard/crtbegin.o
LOAD D:/STM32CubeIDE_1.13.2/STM32CubeIDE/plugins/com.st.stm32cube.ide.mcu.externaltools.gnu-tools-for-stm32.11.3.rel1.win32_1.1.1.202309131626/tools/bin/../lib/gcc/arm-none-eabi/11.3.1/../../../../arm-none-eabi/lib/thumb/v7e-m+fp/hard/crt0.o
LOAD ./Core/Src/HMC5883L.o
LOAD ./Core/Src/MPU6050.o
LOAD ./Core/Src/geometric.o
LOAD ./Core/Src/lwgps.o
LOAD ./Core/Src/main.o
LOAD ./Core/Src/moving.o
LOAD ./Core/Src/stm32f3xx_hal_msp.o
LOAD ./Core/Src/stm32f3xx_it.o
LOAD ./Core/Src/syscalls.o
LOAD ./Core/Src/sysmem.o
LOAD ./Core/Src/system_stm32f3xx.o
LOAD ./Core/Startup/startup_stm32f303retx.o
LOAD ./Drivers/STM32F3xx_HAL_Driver/Src/stm32f3xx_hal.o
LOAD ./Drivers/STM32F3xx_HAL_Driver/Src/stm32f3xx_hal_adc.o
LOAD ./Drivers/STM32F3xx_HAL_Driver/Src/stm32f3xx_hal_adc_ex.o
LOAD ./Drivers/STM32F3xx_HAL_Driver/Src/stm32f3xx_hal_cortex.o
LOAD ./Drivers/STM32F3xx_HAL_Driver/Src/stm32f3xx_hal_dma.o
LOAD ./Drivers/STM32F3xx_HAL_Driver/Src/stm32f3xx_hal_exti.o
LOAD ./Drivers/STM32F3xx_HAL_Driver/Src/stm32f3xx_hal_flash.o
LOAD ./Drivers/STM32F3xx_HAL_Driver/Src/stm32f3xx_hal_flash_ex.o
LOAD ./Drivers/STM32F3xx_HAL_Driver/Src/stm32f3xx_hal_gpio.o
LOAD ./Drivers/STM32F3xx_HAL_Driver/Src/stm32f3xx_hal_i2c.o
LOAD ./Drivers/STM32F3xx_HAL_Driver/Src/stm32f3xx_hal_i2c_ex.o
LOAD ./Drivers/STM32F3xx_HAL_Driver/Src/stm32f3xx_hal_pwr.o
LOAD ./Drivers/STM32F3xx_HAL_Driver/Src/stm32f3xx_hal_pwr_ex.o
LOAD ./Drivers/STM32F3xx_HAL_Driver/Src/stm32f3xx_hal_rcc.o
LOAD ./Drivers/STM32F3xx_HAL_Driver/Src/stm32f3xx_hal_rcc_ex.o
LOAD ./Drivers/STM32F3xx_HAL_Driver/Src/stm32f3xx_hal_spi.o
LOAD ./Drivers/STM32F3xx_HAL_Driver/Src/stm32f3xx_hal_spi_ex.o
LOAD ./Drivers/STM32F3xx_HAL_Driver/Src/stm32f3xx_hal_tim.o
LOAD ./Drivers/STM32F3xx_HAL_Driver/Src/stm32f3xx_hal_tim_ex.o
LOAD ./Drivers/STM32F3xx_HAL_Driver/Src/stm32f3xx_hal_uart.o
LOAD ./Drivers/STM32F3xx_HAL_Driver/Src/stm32f3xx_hal_uart_ex.o
LOAD ./aes/lmic.o
LOAD ./aes/other.o
LOAD ./lmic/lmic.o
LOAD ./lmic/oslmic.o
LOAD ./lmic/radio.o
LOAD ./stm32/debug.o
LOAD ./stm32/eeprom.o
LOAD ./stm32/hal.o
LOAD ./stm32/hw.o
START GROUP
LOAD D:/STM32CubeIDE_1.13.2/STM32CubeIDE/plugins/com.st.stm32cube.ide.mcu.externaltools.gnu-tools-for-stm32.11.3.rel1.win32_1.1.1.202309131626/tools/bin/../lib/gcc/arm-none-eabi/11.3.1/../../../../arm-none-eabi/lib/thumb/v7e-m+fp/hard\libc_nano.a
LOAD D:/STM32CubeIDE_1.13.2/STM32CubeIDE/plugins/com.st.stm32cube.ide.mcu.externaltools.gnu-tools-for-stm32.11.3.rel1.win32_1.1.1.202309131626/tools/bin/../lib/gcc/arm-none-eabi/11.3.1/../../../../arm-none-eabi/lib/thumb/v7e-m+fp/hard\libm.a
END GROUP
START GROUP
LOAD D:/STM32CubeIDE_1.13.2/STM32CubeIDE/plugins/com.st.stm32cube.ide.mcu.externaltools.gnu-tools-for-stm32.11.3.rel1.win32_1.1.1.202309131626/tools/bin/../lib/gcc/arm-none-eabi/11.3.1/thumb/v7e-m+fp/hard\libgcc.a
LOAD D:/STM32CubeIDE_1.13.2/STM32CubeIDE/plugins/com.st.stm32cube.ide.mcu.externaltools.gnu-tools-for-stm32.11.3.rel1.win32_1.1.1.202309131626/tools/bin/../lib/gcc/arm-none-eabi/11.3.1/../../../../arm-none-eabi/lib/thumb/v7e-m+fp/hard\libc_nano.a
END GROUP
START GROUP
LOAD D:/STM32CubeIDE_1.13.2/STM32CubeIDE/plugins/com.st.stm32cube.ide.mcu.externaltools.gnu-tools-for-stm32.11.3.rel1.win32_1.1.1.202309131626/tools/bin/../lib/gcc/arm-none-eabi/11.3.1/thumb/v7e-m+fp/hard\libgcc.a
LOAD D:/STM32CubeIDE_1.13.2/STM32CubeIDE/plugins/com.st.stm32cube.ide.mcu.externaltools.gnu-tools-for-stm32.11.3.rel1.win32_1.1.1.202309131626/tools/bin/../lib/gcc/arm-none-eabi/11.3.1/../../../../arm-none-eabi/lib/thumb/v7e-m+fp/hard\libc_nano.a
LOAD D:/STM32CubeIDE_1.13.2/STM32CubeIDE/plugins/com.st.stm32cube.ide.mcu.externaltools.gnu-tools-for-stm32.11.3.rel1.win32_1.1.1.202309131626/tools/bin/../lib/gcc/arm-none-eabi/11.3.1/../../../../arm-none-eabi/lib/thumb/v7e-m+fp/hard\libnosys.a
END GROUP
START GROUP
LOAD D:/STM32CubeIDE_1.13.2/STM32CubeIDE/plugins/com.st.stm32cube.ide.mcu.externaltools.gnu-tools-for-stm32.11.3.rel1.win32_1.1.1.202309131626/tools/bin/../lib/gcc/arm-none-eabi/11.3.1/thumb/v7e-m+fp/hard\libgcc.a
LOAD D:/STM32CubeIDE_1.13.2/STM32CubeIDE/plugins/com.st.stm32cube.ide.mcu.externaltools.gnu-tools-for-stm32.11.3.rel1.win32_1.1.1.202309131626/tools/bin/../lib/gcc/arm-none-eabi/11.3.1/../../../../arm-none-eabi/lib/thumb/v7e-m+fp/hard\libc_nano.a
LOAD D:/STM32CubeIDE_1.13.2/STM32CubeIDE/plugins/com.st.stm32cube.ide.mcu.externaltools.gnu-tools-for-stm32.11.3.rel1.win32_1.1.1.202309131626/tools/bin/../lib/gcc/arm-none-eabi/11.3.1/../../../../arm-none-eabi/lib/thumb/v7e-m+fp/hard\libnosys.a
END GROUP
LOAD D:/STM32CubeIDE_1.13.2/STM32CubeIDE/plugins/com.st.stm32cube.ide.mcu.externaltools.gnu-tools-for-stm32.11.3.rel1.win32_1.1.1.202309131626/tools/bin/../lib/gcc/arm-none-eabi/11.3.1/thumb/v7e-m+fp/hard/crtend.o
LOAD D:/STM32CubeIDE_1.13.2/STM32CubeIDE/plugins/com.st.stm32cube.ide.mcu.externaltools.gnu-tools-for-stm32.11.3.rel1.win32_1.1.1.202309131626/tools/bin/../lib/gcc/arm-none-eabi/11.3.1/thumb/v7e-m+fp/hard/crtn.o
                0x0000000020010000                _estack = (ORIGIN (RAM) + LENGTH (RAM))
                0x0000000000000200                _Min_Heap_Size = 0x200
                0x0000000000000400                _Min_Stack_Size = 0x400

.isr_vector     0x0000000008000000      0x194
                0x0000000008000000                . = ALIGN (0x4)
 *(.isr_vector)
 .isr_vector    0x0000000008000000      0x194 ./Core/Startup/startup_stm32f303retx.o
                0x0000000008000000                g_pfnVectors
                0x0000000008000194                . = ALIGN (0x4)

.text           0x00000000080001a0    0x17f10
                0x00000000080001a0                . = ALIGN (0x4)
 *(.text)
 .text          0x00000000080001a0       0x40 D:/STM32CubeIDE_1.13.2/STM32CubeIDE/plugins/com.st.stm32cube.ide.mcu.externaltools.gnu-tools-for-stm32.11.3.rel1.win32_1.1.1.202309131626/tools/bin/../lib/gcc/arm-none-eabi/11.3.1/thumb/v7e-m+fp/hard/crtbegin.o
 .text          0x00000000080001e0       0x10 D:/STM32CubeIDE_1.13.2/STM32CubeIDE/plugins/com.st.stm32cube.ide.mcu.externaltools.gnu-tools-for-stm32.11.3.rel1.win32_1.1.1.202309131626/tools/bin/../lib/gcc/arm-none-eabi/11.3.1/../../../../arm-none-eabi/lib/thumb/v7e-m+fp/hard\libc_nano.a(libc_a-strlen.o)
                0x00000000080001e0                strlen
 .text          0x00000000080001f0       0xa0 D:/STM32CubeIDE_1.13.2/STM32CubeIDE/plugins/com.st.stm32cube.ide.mcu.externaltools.gnu-tools-for-stm32.11.3.rel1.win32_1.1.1.202309131626/tools/bin/../lib/gcc/arm-none-eabi/11.3.1/../../../../arm-none-eabi/lib/thumb/v7e-m+fp/hard\libc_nano.a(libc_a-memchr.o)
                0x00000000080001f0                memchr
 .text          0x0000000008000290      0x378 D:/STM32CubeIDE_1.13.2/STM32CubeIDE/plugins/com.st.stm32cube.ide.mcu.externaltools.gnu-tools-for-stm32.11.3.rel1.win32_1.1.1.202309131626/tools/bin/../lib/gcc/arm-none-eabi/11.3.1/thumb/v7e-m+fp/hard\libgcc.a(_arm_addsubdf3.o)
                0x0000000008000290                __aeabi_drsub
                0x0000000008000298                __aeabi_dsub
                0x0000000008000298                __subdf3
                0x000000000800029c                __aeabi_dadd
                0x000000000800029c                __adddf3
                0x0000000008000514                __floatunsidf
                0x0000000008000514                __aeabi_ui2d
                0x0000000008000534                __floatsidf
                0x0000000008000534                __aeabi_i2d
                0x0000000008000558                __aeabi_f2d
                0x0000000008000558                __extendsfdf2
                0x000000000800059c                __floatundidf
                0x000000000800059c                __aeabi_ul2d
                0x00000000080005ac                __floatdidf
                0x00000000080005ac                __aeabi_l2d
 .text          0x0000000008000608      0x424 D:/STM32CubeIDE_1.13.2/STM32CubeIDE/plugins/com.st.stm32cube.ide.mcu.externaltools.gnu-tools-for-stm32.11.3.rel1.win32_1.1.1.202309131626/tools/bin/../lib/gcc/arm-none-eabi/11.3.1/thumb/v7e-m+fp/hard\libgcc.a(_arm_muldivdf3.o)
                0x0000000008000608                __aeabi_dmul
                0x0000000008000608                __muldf3
                0x000000000800085c                __divdf3
                0x000000000800085c                __aeabi_ddiv
 .text          0x0000000008000a2c      0x110 D:/STM32CubeIDE_1.13.2/STM32CubeIDE/plugins/com.st.stm32cube.ide.mcu.externaltools.gnu-tools-for-stm32.11.3.rel1.win32_1.1.1.202309131626/tools/bin/../lib/gcc/arm-none-eabi/11.3.1/thumb/v7e-m+fp/hard\libgcc.a(_arm_cmpdf2.o)
                0x0000000008000a2c                __gtdf2
                0x0000000008000a2c                __gedf2
                0x0000000008000a34                __ltdf2
                0x0000000008000a34                __ledf2
                0x0000000008000a3c                __nedf2
                0x0000000008000a3c                __eqdf2
                0x0000000008000a3c                __cmpdf2
                0x0000000008000ab8                __aeabi_cdrcmple
                0x0000000008000ac8                __aeabi_cdcmpeq
                0x0000000008000ac8                __aeabi_cdcmple
                0x0000000008000ad8                __aeabi_dcmpeq
                0x0000000008000aec                __aeabi_dcmplt
                0x0000000008000b00                __aeabi_dcmple
                0x0000000008000b14                __aeabi_dcmpge
                0x0000000008000b28                __aeabi_dcmpgt
 .text          0x0000000008000b3c       0x2c D:/STM32CubeIDE_1.13.2/STM32CubeIDE/plugins/com.st.stm32cube.ide.mcu.externaltools.gnu-tools-for-stm32.11.3.rel1.win32_1.1.1.202309131626/tools/bin/../lib/gcc/arm-none-eabi/11.3.1/thumb/v7e-m+fp/hard\libgcc.a(_arm_unorddf2.o)
                0x0000000008000b3c                __unorddf2
                0x0000000008000b3c                __aeabi_dcmpun
 .text          0x0000000008000b68       0x50 D:/STM32CubeIDE_1.13.2/STM32CubeIDE/plugins/com.st.stm32cube.ide.mcu.externaltools.gnu-tools-for-stm32.11.3.rel1.win32_1.1.1.202309131626/tools/bin/../lib/gcc/arm-none-eabi/11.3.1/thumb/v7e-m+fp/hard\libgcc.a(_arm_fixdfsi.o)
                0x0000000008000b68                __aeabi_d2iz
                0x0000000008000b68                __fixdfsi
 .text          0x0000000008000bb8       0x40 D:/STM32CubeIDE_1.13.2/STM32CubeIDE/plugins/com.st.stm32cube.ide.mcu.externaltools.gnu-tools-for-stm32.11.3.rel1.win32_1.1.1.202309131626/tools/bin/../lib/gcc/arm-none-eabi/11.3.1/thumb/v7e-m+fp/hard\libgcc.a(_arm_fixunsdfsi.o)
                0x0000000008000bb8                __aeabi_d2uiz
                0x0000000008000bb8                __fixunsdfsi
 .text          0x0000000008000bf8       0xa0 D:/STM32CubeIDE_1.13.2/STM32CubeIDE/plugins/com.st.stm32cube.ide.mcu.externaltools.gnu-tools-for-stm32.11.3.rel1.win32_1.1.1.202309131626/tools/bin/../lib/gcc/arm-none-eabi/11.3.1/thumb/v7e-m+fp/hard\libgcc.a(_arm_truncdfsf2.o)
                0x0000000008000bf8                __truncdfsf2
                0x0000000008000bf8                __aeabi_d2f
 .text          0x0000000008000c98       0x30 D:/STM32CubeIDE_1.13.2/STM32CubeIDE/plugins/com.st.stm32cube.ide.mcu.externaltools.gnu-tools-for-stm32.11.3.rel1.win32_1.1.1.202309131626/tools/bin/../lib/gcc/arm-none-eabi/11.3.1/thumb/v7e-m+fp/hard\libgcc.a(_aeabi_uldivmod.o)
                0x0000000008000c98                __aeabi_uldivmod
 .text          0x0000000008000cc8       0x30 D:/STM32CubeIDE_1.13.2/STM32CubeIDE/plugins/com.st.stm32cube.ide.mcu.externaltools.gnu-tools-for-stm32.11.3.rel1.win32_1.1.1.202309131626/tools/bin/../lib/gcc/arm-none-eabi/11.3.1/thumb/v7e-m+fp/hard\libgcc.a(_fixdfdi.o)
                0x0000000008000cc8                __fixdfdi
                0x0000000008000cc8                __aeabi_d2lz
 .text          0x0000000008000cf8       0x3c D:/STM32CubeIDE_1.13.2/STM32CubeIDE/plugins/com.st.stm32cube.ide.mcu.externaltools.gnu-tools-for-stm32.11.3.rel1.win32_1.1.1.202309131626/tools/bin/../lib/gcc/arm-none-eabi/11.3.1/thumb/v7e-m+fp/hard\libgcc.a(_fixunsdfdi.o)
                0x0000000008000cf8                __fixunsdfdi
                0x0000000008000cf8                __aeabi_d2ulz
 .text          0x0000000008000d34      0x2c8 D:/STM32CubeIDE_1.13.2/STM32CubeIDE/plugins/com.st.stm32cube.ide.mcu.externaltools.gnu-tools-for-stm32.11.3.rel1.win32_1.1.1.202309131626/tools/bin/../lib/gcc/arm-none-eabi/11.3.1/thumb/v7e-m+fp/hard\libgcc.a(_udivmoddi4.o)
                0x0000000008000d34                __udivmoddi4
 .text          0x0000000008000ffc        0x4 D:/STM32CubeIDE_1.13.2/STM32CubeIDE/plugins/com.st.stm32cube.ide.mcu.externaltools.gnu-tools-for-stm32.11.3.rel1.win32_1.1.1.202309131626/tools/bin/../lib/gcc/arm-none-eabi/11.3.1/thumb/v7e-m+fp/hard\libgcc.a(_dvmd_tls.o)
                0x0000000008000ffc                __aeabi_idiv0
                0x0000000008000ffc                __aeabi_ldiv0
 *(.text*)
 .text.HMC5883L_WriteRegister
                0x0000000008001000       0x38 ./Core/Src/HMC5883L.o
                0x0000000008001000                HMC5883L_WriteRegister
 .text.HMC5883L_ReadRegisters
                0x0000000008001038       0x48 ./Core/Src/HMC5883L.o
                0x0000000008001038                HMC5883L_ReadRegisters
 .text.HMC5883L_Init
                0x0000000008001080       0x38 ./Core/Src/HMC5883L.o
                0x0000000008001080                HMC5883L_Init
 .text.HMC5883L_ReadMagneticField
                0x00000000080010b8       0x52 ./Core/Src/HMC5883L.o
                0x00000000080010b8                HMC5883L_ReadMagneticField
 .text.HMC5883L_Calibration
                0x000000000800110a      0x1d6 ./Core/Src/HMC5883L.o
                0x000000000800110a                HMC5883L_Calibration
 .text.MPU6050_Init
                0x00000000080012e0       0xa8 ./Core/Src/MPU6050.o
                0x00000000080012e0                MPU6050_Init
 .text.MPU6050_Read_Accel
                0x0000000008001388       0xd0 ./Core/Src/MPU6050.o
                0x0000000008001388                MPU6050_Read_Accel
 .text.MPU6050_Read_Gyro
                0x0000000008001458       0xcc ./Core/Src/MPU6050.o
                0x0000000008001458                MPU6050_Read_Gyro
 *fill*         0x0000000008001524        0x4 
 .text.MPU6050_Read_All
                0x0000000008001528      0x740 ./Core/Src/MPU6050.o
                0x0000000008001528                MPU6050_Read_All
 .text.Kalman_Angle
                0x0000000008001c68      0x2ce ./Core/Src/MPU6050.o
                0x0000000008001c68                Kalman_Angle
 *fill*         0x0000000008001f36        0x2 
 .text.MPU6050_Calibration
                0x0000000008001f38      0x28c ./Core/Src/MPU6050.o
                0x0000000008001f38                MPU6050_Calibration
 *fill*         0x00000000080021c4        0x4 
 .text.Haversine_Distance
                0x00000000080021c8      0x2cc ./Core/Src/geometric.o
                0x00000000080021c8                Haversine_Distance
 *fill*         0x0000000008002494        0x4 
 .text.Azimuth_Angle
                0x0000000008002498      0x1fc ./Core/Src/geometric.o
                0x0000000008002498                Azimuth_Angle
 .text.convertRange360
                0x0000000008002694       0x5c ./Core/Src/geometric.o
                0x0000000008002694                convertRange360
 .text.prv_parse_number
                0x00000000080026f0       0x94 ./Core/Src/lwgps.o
 .text.prv_parse_float_number
                0x0000000008002784       0x4e ./Core/Src/lwgps.o
 *fill*         0x00000000080027d2        0x2 
 .text.prv_parse_lat_long
                0x00000000080027d4       0xa0 ./Core/Src/lwgps.o
 .text.prv_parse_term
                0x0000000008002874      0x558 ./Core/Src/lwgps.o
 .text.prv_check_crc
                0x0000000008002dcc      0x116 ./Core/Src/lwgps.o
 .text.prv_copy_from_tmp_memory
                0x0000000008002ee2      0x14e ./Core/Src/lwgps.o
 .text.lwgps_init
                0x0000000008003030       0x1c ./Core/Src/lwgps.o
                0x0000000008003030                lwgps_init
 .text.lwgps_process
                0x000000000800304c      0x180 ./Core/Src/lwgps.o
                0x000000000800304c                lwgps_process
 *fill*         0x00000000080031cc        0x4 
 .text.lwgps_to_speed
                0x00000000080031d0      0x1fc ./Core/Src/lwgps.o
                0x00000000080031d0                lwgps_to_speed
 .text.HAL_UART_RxCpltCallback
                0x00000000080033cc       0x7c ./Core/Src/main.o
                0x00000000080033cc                HAL_UART_RxCpltCallback
 .text.os_getArtEui
                0x0000000008003448       0x28 ./Core/Src/main.o
                0x0000000008003448                os_getArtEui
 .text.os_getDevEui
                0x0000000008003470       0x28 ./Core/Src/main.o
                0x0000000008003470                os_getDevEui
 .text.os_getDevKey
                0x0000000008003498       0x28 ./Core/Src/main.o
                0x0000000008003498                os_getDevKey
 .text.do_send  0x00000000080034c0      0x300 ./Core/Src/main.o
                0x00000000080034c0                do_send
 .text.onEvent  0x00000000080037c0      0x204 ./Core/Src/main.o
                0x00000000080037c0                onEvent
 .text.initfunc
                0x00000000080039c4       0x84 ./Core/Src/main.o
                0x00000000080039c4                initfunc
 .text.UpdateGPS
                0x0000000008003a48      0x11c ./Core/Src/main.o
                0x0000000008003a48                UpdateGPS
 .text.initializeStartPointGPS
                0x0000000008003b64       0x68 ./Core/Src/main.o
                0x0000000008003b64                initializeStartPointGPS
 .text.calculateAngleOfSystem
                0x0000000008003bcc       0x70 ./Core/Src/main.o
                0x0000000008003bcc                calculateAngleOfSystem
 .text.findAngleForFirstPhase
                0x0000000008003c3c       0x88 ./Core/Src/main.o
                0x0000000008003c3c                findAngleForFirstPhase
 .text.calculateBatteryPercentage
                0x0000000008003cc4       0x8c ./Core/Src/main.o
                0x0000000008003cc4                calculateBatteryPercentage
 .text.processingBatteryPercentage
                0x0000000008003d50       0x64 ./Core/Src/main.o
                0x0000000008003d50                processingBatteryPercentage
 .text.main     0x0000000008003db4      0x22c ./Core/Src/main.o
                0x0000000008003db4                main
 .text.SystemClock_Config
                0x0000000008003fe0       0xdc ./Core/Src/main.o
                0x0000000008003fe0                SystemClock_Config
 .text.MX_ADC1_Init
                0x00000000080040bc       0xe0 ./Core/Src/main.o
 .text.MX_I2C1_Init
                0x000000000800419c       0x80 ./Core/Src/main.o
 .text.MX_SPI1_Init
                0x000000000800421c       0x74 ./Core/Src/main.o
 .text.MX_SPI2_Init
                0x0000000008004290       0x7c ./Core/Src/main.o
 .text.MX_TIM2_Init
                0x000000000800430c      0x104 ./Core/Src/main.o
 .text.MX_TIM3_Init
                0x0000000008004410      0x104 ./Core/Src/main.o
 .text.MX_TIM4_Init
                0x0000000008004514       0xb0 ./Core/Src/main.o
 .text.MX_TIM7_Init
                0x00000000080045c4       0x70 ./Core/Src/main.o
 .text.MX_TIM8_Init
                0x0000000008004634       0xa8 ./Core/Src/main.o
 .text.MX_USART1_UART_Init
                0x00000000080046dc       0x60 ./Core/Src/main.o
 .text.MX_USART2_UART_Init
                0x000000000800473c       0x60 ./Core/Src/main.o
 .text.MX_DMA_Init
                0x000000000800479c       0x4c ./Core/Src/main.o
 .text.MX_GPIO_Init
                0x00000000080047e8       0xfc ./Core/Src/main.o
 .text.Error_Handler
                0x00000000080048e4        0xa ./Core/Src/main.o
                0x00000000080048e4                Error_Handler
 *fill*         0x00000000080048ee        0x2 
 .text.STOP     0x00000000080048f0       0x38 ./Core/Src/moving.o
                0x00000000080048f0                STOP
 .text.GO_FORWARD
                0x0000000008004928       0x44 ./Core/Src/moving.o
                0x0000000008004928                GO_FORWARD
 .text.TURN_RIGHT
                0x000000000800496c       0x44 ./Core/Src/moving.o
                0x000000000800496c                TURN_RIGHT
 .text.TURN_LEFT
                0x00000000080049b0       0x44 ./Core/Src/moving.o
                0x00000000080049b0                TURN_LEFT
 .text.arrivePoint
                0x00000000080049f4      0x120 ./Core/Src/moving.o
                0x00000000080049f4                arrivePoint
 *fill*         0x0000000008004b14        0x4 
 .text.determineTurnDirection
                0x0000000008004b18      0x1a8 ./Core/Src/moving.o
                0x0000000008004b18                determineTurnDirection
 .text.changeSpeed
                0x0000000008004cc0       0x4c ./Core/Src/moving.o
                0x0000000008004cc0                changeSpeed
 .text.controlSpeed
                0x0000000008004d0c       0xf0 ./Core/Src/moving.o
                0x0000000008004d0c                controlSpeed
 .text.driving  0x0000000008004dfc       0x68 ./Core/Src/moving.o
                0x0000000008004dfc                driving
 .text.HAL_MspInit
                0x0000000008004e64       0x48 ./Core/Src/stm32f3xx_hal_msp.o
                0x0000000008004e64                HAL_MspInit
 .text.HAL_ADC_MspInit
                0x0000000008004eac       0xd4 ./Core/Src/stm32f3xx_hal_msp.o
                0x0000000008004eac                HAL_ADC_MspInit
 .text.HAL_I2C_MspInit
                0x0000000008004f80       0xc4 ./Core/Src/stm32f3xx_hal_msp.o
                0x0000000008004f80                HAL_I2C_MspInit
 .text.HAL_SPI_MspInit
                0x0000000008005044      0x140 ./Core/Src/stm32f3xx_hal_msp.o
                0x0000000008005044                HAL_SPI_MspInit
 .text.HAL_TIM_Base_MspInit
                0x0000000008005184       0xc0 ./Core/Src/stm32f3xx_hal_msp.o
                0x0000000008005184                HAL_TIM_Base_MspInit
 .text.HAL_TIM_OC_MspInit
                0x0000000008005244       0x4c ./Core/Src/stm32f3xx_hal_msp.o
                0x0000000008005244                HAL_TIM_OC_MspInit
 .text.HAL_TIM_MspPostInit
                0x0000000008005290       0xb4 ./Core/Src/stm32f3xx_hal_msp.o
                0x0000000008005290                HAL_TIM_MspPostInit
 .text.HAL_UART_MspInit
                0x0000000008005344      0x108 ./Core/Src/stm32f3xx_hal_msp.o
                0x0000000008005344                HAL_UART_MspInit
 .text.NMI_Handler
                0x000000000800544c        0x6 ./Core/Src/stm32f3xx_it.o
                0x000000000800544c                NMI_Handler
 .text.HardFault_Handler
                0x0000000008005452        0x6 ./Core/Src/stm32f3xx_it.o
                0x0000000008005452                HardFault_Handler
 .text.MemManage_Handler
                0x0000000008005458        0x6 ./Core/Src/stm32f3xx_it.o
                0x0000000008005458                MemManage_Handler
 .text.BusFault_Handler
                0x000000000800545e        0x6 ./Core/Src/stm32f3xx_it.o
                0x000000000800545e                BusFault_Handler
 .text.UsageFault_Handler
                0x0000000008005464        0x6 ./Core/Src/stm32f3xx_it.o
                0x0000000008005464                UsageFault_Handler
 .text.SVC_Handler
                0x000000000800546a        0xe ./Core/Src/stm32f3xx_it.o
                0x000000000800546a                SVC_Handler
 .text.DebugMon_Handler
                0x0000000008005478        0xe ./Core/Src/stm32f3xx_it.o
                0x0000000008005478                DebugMon_Handler
 .text.PendSV_Handler
                0x0000000008005486        0xe ./Core/Src/stm32f3xx_it.o
                0x0000000008005486                PendSV_Handler
 .text.SysTick_Handler
                0x0000000008005494        0xc ./Core/Src/stm32f3xx_it.o
                0x0000000008005494                SysTick_Handler
 .text.EXTI0_IRQHandler
                0x00000000080054a0        0xe ./Core/Src/stm32f3xx_it.o
                0x00000000080054a0                EXTI0_IRQHandler
 .text.EXTI1_IRQHandler
                0x00000000080054ae        0xe ./Core/Src/stm32f3xx_it.o
                0x00000000080054ae                EXTI1_IRQHandler
 .text.DMA1_Channel1_IRQHandler
                0x00000000080054bc       0x14 ./Core/Src/stm32f3xx_it.o
                0x00000000080054bc                DMA1_Channel1_IRQHandler
 .text.DMA1_Channel2_IRQHandler
                0x00000000080054d0       0x14 ./Core/Src/stm32f3xx_it.o
                0x00000000080054d0                DMA1_Channel2_IRQHandler
 .text.EXTI9_5_IRQHandler
                0x00000000080054e4        0xe ./Core/Src/stm32f3xx_it.o
                0x00000000080054e4                EXTI9_5_IRQHandler
 *fill*         0x00000000080054f2        0x2 
 .text.TIM4_IRQHandler
                0x00000000080054f4       0x14 ./Core/Src/stm32f3xx_it.o
                0x00000000080054f4                TIM4_IRQHandler
 .text.USART1_IRQHandler
                0x0000000008005508       0x14 ./Core/Src/stm32f3xx_it.o
                0x0000000008005508                USART1_IRQHandler
 .text.USART2_IRQHandler
                0x000000000800551c       0x14 ./Core/Src/stm32f3xx_it.o
                0x000000000800551c                USART2_IRQHandler
 .text.TIM7_IRQHandler
                0x0000000008005530       0x14 ./Core/Src/stm32f3xx_it.o
                0x0000000008005530                TIM7_IRQHandler
 .text._getpid  0x0000000008005544       0x10 ./Core/Src/syscalls.o
                0x0000000008005544                _getpid
 .text._kill    0x0000000008005554       0x20 ./Core/Src/syscalls.o
                0x0000000008005554                _kill
 .text._exit    0x0000000008005574       0x14 ./Core/Src/syscalls.o
                0x0000000008005574                _exit
 .text._read    0x0000000008005588       0x3a ./Core/Src/syscalls.o
                0x0000000008005588                _read
 .text._write   0x00000000080055c2       0x38 ./Core/Src/syscalls.o
                0x00000000080055c2                _write
 .text._close   0x00000000080055fa       0x18 ./Core/Src/syscalls.o
                0x00000000080055fa                _close
 .text._fstat   0x0000000008005612       0x20 ./Core/Src/syscalls.o
                0x0000000008005612                _fstat
 .text._isatty  0x0000000008005632       0x16 ./Core/Src/syscalls.o
                0x0000000008005632                _isatty
 .text._lseek   0x0000000008005648       0x1a ./Core/Src/syscalls.o
                0x0000000008005648                _lseek
 *fill*         0x0000000008005662        0x2 
 .text._sbrk    0x0000000008005664       0x6c ./Core/Src/sysmem.o
                0x0000000008005664                _sbrk
 .text.SystemInit
                0x00000000080056d0       0x24 ./Core/Src/system_stm32f3xx.o
                0x00000000080056d0                SystemInit
 .text.Reset_Handler
                0x00000000080056f4       0x50 ./Core/Startup/startup_stm32f303retx.o
                0x00000000080056f4                Reset_Handler
 .text.Default_Handler
                0x0000000008005744        0x2 ./Core/Startup/startup_stm32f303retx.o
                0x0000000008005744                RTC_Alarm_IRQHandler
                0x0000000008005744                TIM8_TRG_COM_IRQHandler
                0x0000000008005744                TIM8_CC_IRQHandler
                0x0000000008005744                SPI4_IRQHandler
                0x0000000008005744                TIM1_CC_IRQHandler
                0x0000000008005744                USB_HP_IRQHandler
                0x0000000008005744                PVD_IRQHandler
                0x0000000008005744                TAMP_STAMP_IRQHandler
                0x0000000008005744                EXTI3_IRQHandler
                0x0000000008005744                I2C3_ER_IRQHandler
                0x0000000008005744                USB_HP_CAN_TX_IRQHandler
                0x0000000008005744                I2C2_EV_IRQHandler
                0x0000000008005744                FPU_IRQHandler
                0x0000000008005744                TIM1_UP_TIM16_IRQHandler
                0x0000000008005744                ADC1_2_IRQHandler
                0x0000000008005744                SPI1_IRQHandler
                0x0000000008005744                CAN_SCE_IRQHandler
                0x0000000008005744                TIM6_DAC_IRQHandler
                0x0000000008005744                TIM8_UP_IRQHandler
                0x0000000008005744                DMA2_Channel2_IRQHandler
                0x0000000008005744                DMA1_Channel4_IRQHandler
                0x0000000008005744                TIM20_TRG_COM_IRQHandler
                0x0000000008005744                USART3_IRQHandler
                0x0000000008005744                DMA1_Channel7_IRQHandler
                0x0000000008005744                UART5_IRQHandler
                0x0000000008005744                ADC3_IRQHandler
                0x0000000008005744                CAN_RX1_IRQHandler
                0x0000000008005744                DMA2_Channel1_IRQHandler
                0x0000000008005744                I2C1_EV_IRQHandler
                0x0000000008005744                DMA1_Channel6_IRQHandler
                0x0000000008005744                UART4_IRQHandler
                0x0000000008005744                DMA2_Channel4_IRQHandler
                0x0000000008005744                TIM3_IRQHandler
                0x0000000008005744                RCC_IRQHandler
                0x0000000008005744                TIM20_UP_IRQHandler
                0x0000000008005744                Default_Handler
                0x0000000008005744                USBWakeUp_RMP_IRQHandler
                0x0000000008005744                EXTI15_10_IRQHandler
                0x0000000008005744                I2C3_EV_IRQHandler
                0x0000000008005744                RTC_WKUP_IRQHandler
                0x0000000008005744                SPI2_IRQHandler
                0x0000000008005744                USB_LP_CAN_RX0_IRQHandler
                0x0000000008005744                DMA2_Channel5_IRQHandler
                0x0000000008005744                DMA1_Channel5_IRQHandler
                0x0000000008005744                USB_LP_IRQHandler
                0x0000000008005744                EXTI4_IRQHandler
                0x0000000008005744                TIM1_TRG_COM_TIM17_IRQHandler
                0x0000000008005744                DMA1_Channel3_IRQHandler
                0x0000000008005744                ADC4_IRQHandler
                0x0000000008005744                WWDG_IRQHandler
                0x0000000008005744                TIM2_IRQHandler
                0x0000000008005744                COMP7_IRQHandler
                0x0000000008005744                COMP1_2_3_IRQHandler
                0x0000000008005744                COMP4_5_6_IRQHandler
                0x0000000008005744                TIM20_BRK_IRQHandler
                0x0000000008005744                I2C2_ER_IRQHandler
                0x0000000008005744                TIM8_BRK_IRQHandler
                0x0000000008005744                FLASH_IRQHandler
                0x0000000008005744                TIM20_CC_IRQHandler
                0x0000000008005744                SPI3_IRQHandler
                0x0000000008005744                I2C1_ER_IRQHandler
                0x0000000008005744                FMC_IRQHandler
                0x0000000008005744                USBWakeUp_IRQHandler
                0x0000000008005744                DMA2_Channel3_IRQHandler
                0x0000000008005744                EXTI2_TSC_IRQHandler
                0x0000000008005744                TIM1_BRK_TIM15_IRQHandler
 *fill*         0x0000000008005746        0x2 
 .text.HAL_Init
                0x0000000008005748       0x2c ./Drivers/STM32F3xx_HAL_Driver/Src/stm32f3xx_hal.o
                0x0000000008005748                HAL_Init
 .text.HAL_InitTick
                0x0000000008005774       0x60 ./Drivers/STM32F3xx_HAL_Driver/Src/stm32f3xx_hal.o
                0x0000000008005774                HAL_InitTick
 .text.HAL_IncTick
                0x00000000080057d4       0x28 ./Drivers/STM32F3xx_HAL_Driver/Src/stm32f3xx_hal.o
                0x00000000080057d4                HAL_IncTick
 .text.HAL_GetTick
                0x00000000080057fc       0x18 ./Drivers/STM32F3xx_HAL_Driver/Src/stm32f3xx_hal.o
                0x00000000080057fc                HAL_GetTick
 .text.HAL_Delay
                0x0000000008005814       0x48 ./Drivers/STM32F3xx_HAL_Driver/Src/stm32f3xx_hal.o
                0x0000000008005814                HAL_Delay
 .text.HAL_SuspendTick
                0x000000000800585c       0x20 ./Drivers/STM32F3xx_HAL_Driver/Src/stm32f3xx_hal.o
                0x000000000800585c                HAL_SuspendTick
 .text.HAL_ResumeTick
                0x000000000800587c       0x20 ./Drivers/STM32F3xx_HAL_Driver/Src/stm32f3xx_hal.o
                0x000000000800587c                HAL_ResumeTick
 .text.HAL_ADC_ConvCpltCallback
                0x000000000800589c       0x14 ./Drivers/STM32F3xx_HAL_Driver/Src/stm32f3xx_hal_adc.o
                0x000000000800589c                HAL_ADC_ConvCpltCallback
 .text.HAL_ADC_ConvHalfCpltCallback
                0x00000000080058b0       0x14 ./Drivers/STM32F3xx_HAL_Driver/Src/stm32f3xx_hal_adc.o
                0x00000000080058b0                HAL_ADC_ConvHalfCpltCallback
 .text.HAL_ADC_ErrorCallback
                0x00000000080058c4       0x14 ./Drivers/STM32F3xx_HAL_Driver/Src/stm32f3xx_hal_adc.o
                0x00000000080058c4                HAL_ADC_ErrorCallback
 .text.HAL_ADC_Init
                0x00000000080058d8      0x3f4 ./Drivers/STM32F3xx_HAL_Driver/Src/stm32f3xx_hal_adc_ex.o
                0x00000000080058d8                HAL_ADC_Init
 .text.HAL_ADC_Start_DMA
                0x0000000008005ccc      0x238 ./Drivers/STM32F3xx_HAL_Driver/Src/stm32f3xx_hal_adc_ex.o
                0x0000000008005ccc                HAL_ADC_Start_DMA
 .text.HAL_ADC_ConfigChannel
                0x0000000008005f04      0x5d4 ./Drivers/STM32F3xx_HAL_Driver/Src/stm32f3xx_hal_adc_ex.o
                0x0000000008005f04                HAL_ADC_ConfigChannel
 .text.HAL_ADCEx_MultiModeConfigChannel
                0x00000000080064d8      0x1e4 ./Drivers/STM32F3xx_HAL_Driver/Src/stm32f3xx_hal_adc_ex.o
                0x00000000080064d8                HAL_ADCEx_MultiModeConfigChannel
 .text.ADC_DMAConvCplt
                0x00000000080066bc       0x7a ./Drivers/STM32F3xx_HAL_Driver/Src/stm32f3xx_hal_adc_ex.o
 .text.ADC_DMAHalfConvCplt
                0x0000000008006736       0x1c ./Drivers/STM32F3xx_HAL_Driver/Src/stm32f3xx_hal_adc_ex.o
 .text.ADC_DMAError
                0x0000000008006752       0x34 ./Drivers/STM32F3xx_HAL_Driver/Src/stm32f3xx_hal_adc_ex.o
 *fill*         0x0000000008006786        0x2 
 .text.ADC_Enable
                0x0000000008006788       0xc8 ./Drivers/STM32F3xx_HAL_Driver/Src/stm32f3xx_hal_adc_ex.o
 .text.ADC_Disable
                0x0000000008006850       0xcc ./Drivers/STM32F3xx_HAL_Driver/Src/stm32f3xx_hal_adc_ex.o
 .text.__NVIC_SetPriorityGrouping
                0x000000000800691c       0x48 ./Drivers/STM32F3xx_HAL_Driver/Src/stm32f3xx_hal_cortex.o
 .text.__NVIC_GetPriorityGrouping
                0x0000000008006964       0x1c ./Drivers/STM32F3xx_HAL_Driver/Src/stm32f3xx_hal_cortex.o
 .text.__NVIC_EnableIRQ
                0x0000000008006980       0x3c ./Drivers/STM32F3xx_HAL_Driver/Src/stm32f3xx_hal_cortex.o
 .text.__NVIC_SetPriority
                0x00000000080069bc       0x54 ./Drivers/STM32F3xx_HAL_Driver/Src/stm32f3xx_hal_cortex.o
 .text.NVIC_EncodePriority
                0x0000000008006a10       0x66 ./Drivers/STM32F3xx_HAL_Driver/Src/stm32f3xx_hal_cortex.o
 *fill*         0x0000000008006a76        0x2 
 .text.SysTick_Config
                0x0000000008006a78       0x44 ./Drivers/STM32F3xx_HAL_Driver/Src/stm32f3xx_hal_cortex.o
 .text.HAL_NVIC_SetPriorityGrouping
                0x0000000008006abc       0x16 ./Drivers/STM32F3xx_HAL_Driver/Src/stm32f3xx_hal_cortex.o
                0x0000000008006abc                HAL_NVIC_SetPriorityGrouping
 .text.HAL_NVIC_SetPriority
                0x0000000008006ad2       0x38 ./Drivers/STM32F3xx_HAL_Driver/Src/stm32f3xx_hal_cortex.o
                0x0000000008006ad2                HAL_NVIC_SetPriority
 .text.HAL_NVIC_EnableIRQ
                0x0000000008006b0a       0x1c ./Drivers/STM32F3xx_HAL_Driver/Src/stm32f3xx_hal_cortex.o
                0x0000000008006b0a                HAL_NVIC_EnableIRQ
 .text.HAL_SYSTICK_Config
                0x0000000008006b26       0x18 ./Drivers/STM32F3xx_HAL_Driver/Src/stm32f3xx_hal_cortex.o
                0x0000000008006b26                HAL_SYSTICK_Config
 .text.HAL_DMA_Init
                0x0000000008006b3e       0x8e ./Drivers/STM32F3xx_HAL_Driver/Src/stm32f3xx_hal_dma.o
                0x0000000008006b3e                HAL_DMA_Init
 .text.HAL_DMA_Start_IT
                0x0000000008006bcc       0xbe ./Drivers/STM32F3xx_HAL_Driver/Src/stm32f3xx_hal_dma.o
                0x0000000008006bcc                HAL_DMA_Start_IT
 .text.HAL_DMA_Abort
                0x0000000008006c8a       0x72 ./Drivers/STM32F3xx_HAL_Driver/Src/stm32f3xx_hal_dma.o
                0x0000000008006c8a                HAL_DMA_Abort
 .text.HAL_DMA_Abort_IT
                0x0000000008006cfc       0x7c ./Drivers/STM32F3xx_HAL_Driver/Src/stm32f3xx_hal_dma.o
                0x0000000008006cfc                HAL_DMA_Abort_IT
 .text.HAL_DMA_IRQHandler
                0x0000000008006d78      0x146 ./Drivers/STM32F3xx_HAL_Driver/Src/stm32f3xx_hal_dma.o
                0x0000000008006d78                HAL_DMA_IRQHandler
 .text.DMA_SetConfig
                0x0000000008006ebe       0x5c ./Drivers/STM32F3xx_HAL_Driver/Src/stm32f3xx_hal_dma.o
 *fill*         0x0000000008006f1a        0x2 
 .text.DMA_CalcBaseAndBitshift
                0x0000000008006f1c       0x78 ./Drivers/STM32F3xx_HAL_Driver/Src/stm32f3xx_hal_dma.o
 .text.HAL_GPIO_Init
                0x0000000008006f94      0x314 ./Drivers/STM32F3xx_HAL_Driver/Src/stm32f3xx_hal_gpio.o
                0x0000000008006f94                HAL_GPIO_Init
 .text.HAL_GPIO_WritePin
                0x00000000080072a8       0x30 ./Drivers/STM32F3xx_HAL_Driver/Src/stm32f3xx_hal_gpio.o
                0x00000000080072a8                HAL_GPIO_WritePin
 .text.HAL_GPIO_TogglePin
                0x00000000080072d8       0x34 ./Drivers/STM32F3xx_HAL_Driver/Src/stm32f3xx_hal_gpio.o
                0x00000000080072d8                HAL_GPIO_TogglePin
 .text.HAL_GPIO_EXTI_IRQHandler
                0x000000000800730c       0x30 ./Drivers/STM32F3xx_HAL_Driver/Src/stm32f3xx_hal_gpio.o
                0x000000000800730c                HAL_GPIO_EXTI_IRQHandler
 .text.HAL_I2C_Init
                0x000000000800733c      0x11e ./Drivers/STM32F3xx_HAL_Driver/Src/stm32f3xx_hal_i2c.o
                0x000000000800733c                HAL_I2C_Init
 *fill*         0x000000000800745a        0x2 
 .text.HAL_I2C_Mem_Write
                0x000000000800745c      0x228 ./Drivers/STM32F3xx_HAL_Driver/Src/stm32f3xx_hal_i2c.o
                0x000000000800745c                HAL_I2C_Mem_Write
 .text.HAL_I2C_Mem_Read
                0x0000000008007684      0x234 ./Drivers/STM32F3xx_HAL_Driver/Src/stm32f3xx_hal_i2c.o
                0x0000000008007684                HAL_I2C_Mem_Read
 .text.I2C_RequestMemoryWrite
                0x00000000080078b8       0xa8 ./Drivers/STM32F3xx_HAL_Driver/Src/stm32f3xx_hal_i2c.o
 .text.I2C_RequestMemoryRead
                0x0000000008007960       0xa8 ./Drivers/STM32F3xx_HAL_Driver/Src/stm32f3xx_hal_i2c.o
 .text.I2C_Flush_TXDR
                0x0000000008007a08       0x48 ./Drivers/STM32F3xx_HAL_Driver/Src/stm32f3xx_hal_i2c.o
 .text.I2C_WaitOnFlagUntilTimeout
                0x0000000008007a50       0x9e ./Drivers/STM32F3xx_HAL_Driver/Src/stm32f3xx_hal_i2c.o
 .text.I2C_WaitOnTXISFlagUntilTimeout
                0x0000000008007aee       0x8e ./Drivers/STM32F3xx_HAL_Driver/Src/stm32f3xx_hal_i2c.o
 .text.I2C_WaitOnSTOPFlagUntilTimeout
                0x0000000008007b7c       0x86 ./Drivers/STM32F3xx_HAL_Driver/Src/stm32f3xx_hal_i2c.o
 *fill*         0x0000000008007c02        0x2 
 .text.I2C_IsErrorOccurred
                0x0000000008007c04      0x1c0 ./Drivers/STM32F3xx_HAL_Driver/Src/stm32f3xx_hal_i2c.o
 .text.I2C_TransferConfig
                0x0000000008007dc4       0x64 ./Drivers/STM32F3xx_HAL_Driver/Src/stm32f3xx_hal_i2c.o
 .text.HAL_I2CEx_ConfigAnalogFilter
                0x0000000008007e28       0x96 ./Drivers/STM32F3xx_HAL_Driver/Src/stm32f3xx_hal_i2c_ex.o
                0x0000000008007e28                HAL_I2CEx_ConfigAnalogFilter
 .text.HAL_I2CEx_ConfigDigitalFilter
                0x0000000008007ebe       0x98 ./Drivers/STM32F3xx_HAL_Driver/Src/stm32f3xx_hal_i2c_ex.o
                0x0000000008007ebe                HAL_I2CEx_ConfigDigitalFilter
 *fill*         0x0000000008007f56        0x2 
 .text.HAL_PWR_EnterSLEEPMode
                0x0000000008007f58       0x38 ./Drivers/STM32F3xx_HAL_Driver/Src/stm32f3xx_hal_pwr.o
                0x0000000008007f58                HAL_PWR_EnterSLEEPMode
 .text.HAL_RCC_OscConfig
                0x0000000008007f90     0x10a8 ./Drivers/STM32F3xx_HAL_Driver/Src/stm32f3xx_hal_rcc.o
                0x0000000008007f90                HAL_RCC_OscConfig
 .text.HAL_RCC_ClockConfig
                0x0000000008009038      0x2f8 ./Drivers/STM32F3xx_HAL_Driver/Src/stm32f3xx_hal_rcc.o
                0x0000000008009038                HAL_RCC_ClockConfig
 .text.HAL_RCC_GetSysClockFreq
                0x0000000008009330       0xd4 ./Drivers/STM32F3xx_HAL_Driver/Src/stm32f3xx_hal_rcc.o
                0x0000000008009330                HAL_RCC_GetSysClockFreq
 .text.HAL_RCC_GetHCLKFreq
                0x0000000008009404       0x18 ./Drivers/STM32F3xx_HAL_Driver/Src/stm32f3xx_hal_rcc.o
                0x0000000008009404                HAL_RCC_GetHCLKFreq
 .text.HAL_RCC_GetPCLK1Freq
                0x000000000800941c       0x44 ./Drivers/STM32F3xx_HAL_Driver/Src/stm32f3xx_hal_rcc.o
                0x000000000800941c                HAL_RCC_GetPCLK1Freq
 .text.HAL_RCC_GetPCLK2Freq
                0x0000000008009460       0x44 ./Drivers/STM32F3xx_HAL_Driver/Src/stm32f3xx_hal_rcc.o
                0x0000000008009460                HAL_RCC_GetPCLK2Freq
 .text.HAL_RCCEx_PeriphCLKConfig
                0x00000000080094a4      0x43c ./Drivers/STM32F3xx_HAL_Driver/Src/stm32f3xx_hal_rcc_ex.o
                0x00000000080094a4                HAL_RCCEx_PeriphCLKConfig
 .text.HAL_SPI_Init
                0x00000000080098e0      0x156 ./Drivers/STM32F3xx_HAL_Driver/Src/stm32f3xx_hal_spi.o
                0x00000000080098e0                HAL_SPI_Init
 .text.HAL_SPI_Transmit
                0x0000000008009a36      0x2ea ./Drivers/STM32F3xx_HAL_Driver/Src/stm32f3xx_hal_spi.o
                0x0000000008009a36                HAL_SPI_Transmit
 .text.HAL_SPI_Receive
                0x0000000008009d20      0x26e ./Drivers/STM32F3xx_HAL_Driver/Src/stm32f3xx_hal_spi.o
                0x0000000008009d20                HAL_SPI_Receive
 .text.HAL_SPI_TransmitReceive
                0x0000000008009f8e      0x444 ./Drivers/STM32F3xx_HAL_Driver/Src/stm32f3xx_hal_spi.o
                0x0000000008009f8e                HAL_SPI_TransmitReceive
 *fill*         0x000000000800a3d2        0x2 
 .text.SPI_WaitFlagStateUntilTimeout
                0x000000000800a3d4      0x110 ./Drivers/STM32F3xx_HAL_Driver/Src/stm32f3xx_hal_spi.o
 .text.SPI_WaitFifoStateUntilTimeout
                0x000000000800a4e4      0x12c ./Drivers/STM32F3xx_HAL_Driver/Src/stm32f3xx_hal_spi.o
 .text.SPI_EndRxTransaction
                0x000000000800a610       0xb0 ./Drivers/STM32F3xx_HAL_Driver/Src/stm32f3xx_hal_spi.o
 .text.SPI_EndRxTxTransaction
                0x000000000800a6c0       0x8c ./Drivers/STM32F3xx_HAL_Driver/Src/stm32f3xx_hal_spi.o
 .text.HAL_TIM_Base_Init
                0x000000000800a74c       0xae ./Drivers/STM32F3xx_HAL_Driver/Src/stm32f3xx_hal_tim.o
                0x000000000800a74c                HAL_TIM_Base_Init
 *fill*         0x000000000800a7fa        0x2 
 .text.HAL_TIM_Base_Start_IT
                0x000000000800a7fc       0xe0 ./Drivers/STM32F3xx_HAL_Driver/Src/stm32f3xx_hal_tim.o
                0x000000000800a7fc                HAL_TIM_Base_Start_IT
 .text.HAL_TIM_OC_Init
                0x000000000800a8dc       0xae ./Drivers/STM32F3xx_HAL_Driver/Src/stm32f3xx_hal_tim.o
                0x000000000800a8dc                HAL_TIM_OC_Init
 .text.HAL_TIM_PWM_Init
                0x000000000800a98a       0xae ./Drivers/STM32F3xx_HAL_Driver/Src/stm32f3xx_hal_tim.o
                0x000000000800a98a                HAL_TIM_PWM_Init
 .text.HAL_TIM_PWM_MspInit
                0x000000000800aa38       0x14 ./Drivers/STM32F3xx_HAL_Driver/Src/stm32f3xx_hal_tim.o
                0x000000000800aa38                HAL_TIM_PWM_MspInit
 .text.HAL_TIM_PWM_Start
                0x000000000800aa4c      0x218 ./Drivers/STM32F3xx_HAL_Driver/Src/stm32f3xx_hal_tim.o
                0x000000000800aa4c                HAL_TIM_PWM_Start
 .text.HAL_TIM_IRQHandler
                0x000000000800ac64      0x23e ./Drivers/STM32F3xx_HAL_Driver/Src/stm32f3xx_hal_tim.o
                0x000000000800ac64                HAL_TIM_IRQHandler
 *fill*         0x000000000800aea2        0x2 
 .text.HAL_TIM_OC_ConfigChannel
                0x000000000800aea4       0xf4 ./Drivers/STM32F3xx_HAL_Driver/Src/stm32f3xx_hal_tim.o
                0x000000000800aea4                HAL_TIM_OC_ConfigChannel
 .text.HAL_TIM_PWM_ConfigChannel
                0x000000000800af98      0x228 ./Drivers/STM32F3xx_HAL_Driver/Src/stm32f3xx_hal_tim.o
                0x000000000800af98                HAL_TIM_PWM_ConfigChannel
 .text.HAL_TIM_ConfigClockSource
                0x000000000800b1c0      0x192 ./Drivers/STM32F3xx_HAL_Driver/Src/stm32f3xx_hal_tim.o
                0x000000000800b1c0                HAL_TIM_ConfigClockSource
 .text.HAL_TIM_OC_DelayElapsedCallback
                0x000000000800b352       0x14 ./Drivers/STM32F3xx_HAL_Driver/Src/stm32f3xx_hal_tim.o
                0x000000000800b352                HAL_TIM_OC_DelayElapsedCallback
 .text.HAL_TIM_IC_CaptureCallback
                0x000000000800b366       0x14 ./Drivers/STM32F3xx_HAL_Driver/Src/stm32f3xx_hal_tim.o
                0x000000000800b366                HAL_TIM_IC_CaptureCallback
 .text.HAL_TIM_PWM_PulseFinishedCallback
                0x000000000800b37a       0x14 ./Drivers/STM32F3xx_HAL_Driver/Src/stm32f3xx_hal_tim.o
                0x000000000800b37a                HAL_TIM_PWM_PulseFinishedCallback
 .text.HAL_TIM_TriggerCallback
                0x000000000800b38e       0x14 ./Drivers/STM32F3xx_HAL_Driver/Src/stm32f3xx_hal_tim.o
                0x000000000800b38e                HAL_TIM_TriggerCallback
 *fill*         0x000000000800b3a2        0x2 
 .text.TIM_Base_SetConfig
                0x000000000800b3a4      0x13c ./Drivers/STM32F3xx_HAL_Driver/Src/stm32f3xx_hal_tim.o
                0x000000000800b3a4                TIM_Base_SetConfig
 .text.TIM_OC1_SetConfig
                0x000000000800b4e0      0x134 ./Drivers/STM32F3xx_HAL_Driver/Src/stm32f3xx_hal_tim.o
 .text.TIM_OC2_SetConfig
                0x000000000800b614      0x128 ./Drivers/STM32F3xx_HAL_Driver/Src/stm32f3xx_hal_tim.o
                0x000000000800b614                TIM_OC2_SetConfig
 .text.TIM_OC3_SetConfig
                0x000000000800b73c      0x124 ./Drivers/STM32F3xx_HAL_Driver/Src/stm32f3xx_hal_tim.o
 .text.TIM_OC4_SetConfig
                0x000000000800b860       0xe0 ./Drivers/STM32F3xx_HAL_Driver/Src/stm32f3xx_hal_tim.o
 .text.TIM_OC5_SetConfig
                0x000000000800b940       0xd4 ./Drivers/STM32F3xx_HAL_Driver/Src/stm32f3xx_hal_tim.o
 .text.TIM_OC6_SetConfig
                0x000000000800ba14       0xd8 ./Drivers/STM32F3xx_HAL_Driver/Src/stm32f3xx_hal_tim.o
 .text.TIM_TI1_ConfigInputStage
                0x000000000800baec       0x5e ./Drivers/STM32F3xx_HAL_Driver/Src/stm32f3xx_hal_tim.o
 .text.TIM_TI2_ConfigInputStage
                0x000000000800bb4a       0x60 ./Drivers/STM32F3xx_HAL_Driver/Src/stm32f3xx_hal_tim.o
 .text.TIM_ITRx_SetConfig
                0x000000000800bbaa       0x36 ./Drivers/STM32F3xx_HAL_Driver/Src/stm32f3xx_hal_tim.o
 .text.TIM_ETR_SetConfig
                0x000000000800bbe0       0x40 ./Drivers/STM32F3xx_HAL_Driver/Src/stm32f3xx_hal_tim.o
                0x000000000800bbe0                TIM_ETR_SetConfig
 .text.TIM_CCxChannelCmd
                0x000000000800bc20       0x4a ./Drivers/STM32F3xx_HAL_Driver/Src/stm32f3xx_hal_tim.o
                0x000000000800bc20                TIM_CCxChannelCmd
 *fill*         0x000000000800bc6a        0x2 
 .text.HAL_TIMEx_MasterConfigSynchronization
                0x000000000800bc6c      0x118 ./Drivers/STM32F3xx_HAL_Driver/Src/stm32f3xx_hal_tim_ex.o
                0x000000000800bc6c                HAL_TIMEx_MasterConfigSynchronization
 .text.HAL_TIMEx_CommutCallback
                0x000000000800bd84       0x14 ./Drivers/STM32F3xx_HAL_Driver/Src/stm32f3xx_hal_tim_ex.o
                0x000000000800bd84                HAL_TIMEx_CommutCallback
 .text.HAL_TIMEx_BreakCallback
                0x000000000800bd98       0x14 ./Drivers/STM32F3xx_HAL_Driver/Src/stm32f3xx_hal_tim_ex.o
                0x000000000800bd98                HAL_TIMEx_BreakCallback
 .text.HAL_TIMEx_Break2Callback
                0x000000000800bdac       0x14 ./Drivers/STM32F3xx_HAL_Driver/Src/stm32f3xx_hal_tim_ex.o
                0x000000000800bdac                HAL_TIMEx_Break2Callback
 .text.HAL_UART_Init
                0x000000000800bdc0       0x9c ./Drivers/STM32F3xx_HAL_Driver/Src/stm32f3xx_hal_uart.o
                0x000000000800bdc0                HAL_UART_Init
 .text.HAL_UART_Transmit
                0x000000000800be5c      0x114 ./Drivers/STM32F3xx_HAL_Driver/Src/stm32f3xx_hal_uart.o
                0x000000000800be5c                HAL_UART_Transmit
 .text.HAL_UART_Receive_IT
                0x000000000800bf70       0x88 ./Drivers/STM32F3xx_HAL_Driver/Src/stm32f3xx_hal_uart.o
                0x000000000800bf70                HAL_UART_Receive_IT
 .text.HAL_UART_IRQHandler
                0x000000000800bff8      0x5cc ./Drivers/STM32F3xx_HAL_Driver/Src/stm32f3xx_hal_uart.o
                0x000000000800bff8                HAL_UART_IRQHandler
 .text.HAL_UART_TxCpltCallback
                0x000000000800c5c4       0x14 ./Drivers/STM32F3xx_HAL_Driver/Src/stm32f3xx_hal_uart.o
                0x000000000800c5c4                HAL_UART_TxCpltCallback
 .text.HAL_UART_ErrorCallback
                0x000000000800c5d8       0x14 ./Drivers/STM32F3xx_HAL_Driver/Src/stm32f3xx_hal_uart.o
                0x000000000800c5d8                HAL_UART_ErrorCallback
 .text.HAL_UARTEx_RxEventCallback
                0x000000000800c5ec       0x18 ./Drivers/STM32F3xx_HAL_Driver/Src/stm32f3xx_hal_uart.o
                0x000000000800c5ec                HAL_UARTEx_RxEventCallback
 .text.UART_SetConfig
                0x000000000800c604      0x3a8 ./Drivers/STM32F3xx_HAL_Driver/Src/stm32f3xx_hal_uart.o
                0x000000000800c604                UART_SetConfig
 .text.UART_AdvFeatureConfig
                0x000000000800c9ac      0x144 ./Drivers/STM32F3xx_HAL_Driver/Src/stm32f3xx_hal_uart.o
                0x000000000800c9ac                UART_AdvFeatureConfig
 .text.UART_CheckIdleState
                0x000000000800caf0      0x150 ./Drivers/STM32F3xx_HAL_Driver/Src/stm32f3xx_hal_uart.o
                0x000000000800caf0                UART_CheckIdleState
 .text.UART_WaitOnFlagUntilTimeout
                0x000000000800cc40       0xce ./Drivers/STM32F3xx_HAL_Driver/Src/stm32f3xx_hal_uart.o
                0x000000000800cc40                UART_WaitOnFlagUntilTimeout
 *fill*         0x000000000800cd0e        0x2 
 .text.UART_Start_Receive_IT
                0x000000000800cd10      0x18c ./Drivers/STM32F3xx_HAL_Driver/Src/stm32f3xx_hal_uart.o
                0x000000000800cd10                UART_Start_Receive_IT
 .text.UART_EndRxTransfer
                0x000000000800ce9c       0xc8 ./Drivers/STM32F3xx_HAL_Driver/Src/stm32f3xx_hal_uart.o
 .text.UART_DMAAbortOnError
                0x000000000800cf64       0x2c ./Drivers/STM32F3xx_HAL_Driver/Src/stm32f3xx_hal_uart.o
 .text.UART_EndTransmit_IT
                0x000000000800cf90       0x54 ./Drivers/STM32F3xx_HAL_Driver/Src/stm32f3xx_hal_uart.o
 .text.UART_RxISR_8BIT
                0x000000000800cfe4      0x1a8 ./Drivers/STM32F3xx_HAL_Driver/Src/stm32f3xx_hal_uart.o
 .text.UART_RxISR_16BIT
                0x000000000800d18c      0x1a8 ./Drivers/STM32F3xx_HAL_Driver/Src/stm32f3xx_hal_uart.o
 .text.HAL_UARTEx_WakeupCallback
                0x000000000800d334       0x14 ./Drivers/STM32F3xx_HAL_Driver/Src/stm32f3xx_hal_uart_ex.o
                0x000000000800d334                HAL_UARTEx_WakeupCallback
 .text.table_get_u1
                0x000000000800d348       0x1e ./aes/lmic.o
                0x000000000800d348                table_get_u1
 .text.table_get_u2
                0x000000000800d366       0x20 ./aes/lmic.o
                0x000000000800d366                table_get_u2
 .text.table_get_u4
                0x000000000800d386       0x20 ./aes/lmic.o
                0x000000000800d386                table_get_u4
 .text.table_get_ostime
                0x000000000800d3a6       0x20 ./aes/lmic.o
                0x000000000800d3a6                table_get_ostime
 *fill*         0x000000000800d3c6        0x2 
 .text.aesroundkeys
                0x000000000800d3c8      0x108 ./aes/lmic.o
 .text.os_aes   0x000000000800d4d0      0xa4c ./aes/lmic.o
                0x000000000800d4d0                os_aes
 .text.getSf    0x000000000800df1c       0x20 ./lmic/lmic.o
                0x000000000800df1c                getSf
 .text.getBw    0x000000000800df3c       0x24 ./lmic/lmic.o
                0x000000000800df3c                getBw
 .text.getCr    0x000000000800df60       0x24 ./lmic/lmic.o
                0x000000000800df60                getCr
 .text.setCr    0x000000000800df84       0x32 ./lmic/lmic.o
                0x000000000800df84                setCr
 .text.getNocrc
                0x000000000800dfb6       0x20 ./lmic/lmic.o
                0x000000000800dfb6                getNocrc
 .text.setNocrc
                0x000000000800dfd6       0x2e ./lmic/lmic.o
                0x000000000800dfd6                setNocrc
 .text.getIh    0x000000000800e004       0x1e ./lmic/lmic.o
                0x000000000800e004                getIh
 .text.setIh    0x000000000800e022       0x2c ./lmic/lmic.o
                0x000000000800e022                setIh
 *fill*         0x000000000800e04e        0x2 
 .text.updr2rps
                0x000000000800e050       0x28 ./lmic/lmic.o
                0x000000000800e050                updr2rps
 .text.dndr2rps
                0x000000000800e078       0x26 ./lmic/lmic.o
                0x000000000800e078                dndr2rps
 *fill*         0x000000000800e09e        0x2 
 .text.decDR    0x000000000800e0a0       0x30 ./lmic/lmic.o
                0x000000000800e0a0                decDR
 .text.validDR  0x000000000800e0d0       0x30 ./lmic/lmic.o
                0x000000000800e0d0                validDR
 .text.lowerDR  0x000000000800e100       0x32 ./lmic/lmic.o
                0x000000000800e100                lowerDR
 .text.os_rlsbf2
                0x000000000800e132       0x2a ./lmic/lmic.o
                0x000000000800e132                os_rlsbf2
 .text.os_rlsbf4
                0x000000000800e15c       0x38 ./lmic/lmic.o
                0x000000000800e15c                os_rlsbf4
 .text.os_rmsbf4
                0x000000000800e194       0x38 ./lmic/lmic.o
                0x000000000800e194                os_rmsbf4
 .text.os_wlsbf2
                0x000000000800e1cc       0x2e ./lmic/lmic.o
                0x000000000800e1cc                os_wlsbf2
 .text.os_wlsbf4
                0x000000000800e1fa       0x42 ./lmic/lmic.o
                0x000000000800e1fa                os_wlsbf4
 .text.os_wmsbf4
                0x000000000800e23c       0x42 ./lmic/lmic.o
                0x000000000800e23c                os_wmsbf4
 .text.os_getBattLevel
                0x000000000800e27e       0x10 ./lmic/lmic.o
                0x000000000800e27e                os_getBattLevel
 .text.os_crc16
                0x000000000800e28e       0x7e ./lmic/lmic.o
                0x000000000800e28e                os_crc16
 .text.micB0    0x000000000800e30c       0x68 ./lmic/lmic.o
 .text.aes_verifyMic
                0x000000000800e374       0x58 ./lmic/lmic.o
 .text.aes_appendMic
                0x000000000800e3cc       0x50 ./lmic/lmic.o
 .text.aes_appendMic0
                0x000000000800e41c       0x3c ./lmic/lmic.o
 .text.aes_verifyMic0
                0x000000000800e458       0x44 ./lmic/lmic.o
 .text.aes_encrypt
                0x000000000800e49c       0x2c ./lmic/lmic.o
 .text.aes_cipher
                0x000000000800e4c8       0x88 ./lmic/lmic.o
 .text.aes_sessKeys
                0x000000000800e550       0x78 ./lmic/lmic.o
 .text.getSensitivity
                0x000000000800e5c8       0x44 ./lmic/lmic.o
                0x000000000800e5c8                getSensitivity
 .text.calcAirTime
                0x000000000800e60c      0x130 ./lmic/lmic.o
                0x000000000800e60c                calcAirTime
 .text.calcRxWindow
                0x000000000800e73c       0xb8 ./lmic/lmic.o
 .text.calcBcnRxWindowFromMillis
                0x000000000800e7f4      0x114 ./lmic/lmic.o
 .text.rxschedInit
                0x000000000800e908      0x14c ./lmic/lmic.o
 .text.rxschedNext
                0x000000000800ea54       0x9c ./lmic/lmic.o
 .text.rndDelay
                0x000000000800eaf0       0x80 ./lmic/lmic.o
 .text.txDelay  0x000000000800eb70       0x58 ./lmic/lmic.o
 .text.setDrJoin
                0x000000000800ebc8       0x28 ./lmic/lmic.o
 .text.setDrTxpow
                0x000000000800ebf0       0x5c ./lmic/lmic.o
 .text.initDefaultChannels
                0x000000000800ec4c       0x40 ./lmic/lmic.o
 .text.convFreq
                0x000000000800ec8c       0x44 ./lmic/lmic.o
 .text.LMIC_setupChannel
                0x000000000800ecd0       0x9c ./lmic/lmic.o
                0x000000000800ecd0                LMIC_setupChannel
 .text.LMIC_disableChannel
                0x000000000800ed6c       0x5c ./lmic/lmic.o
                0x000000000800ed6c                LMIC_disableChannel
 .text.LMIC_enableChannel
                0x000000000800edc8       0x58 ./lmic/lmic.o
                0x000000000800edc8                LMIC_enableChannel
 .text.LMIC_enableSubBand
                0x000000000800ee20       0x54 ./lmic/lmic.o
                0x000000000800ee20                LMIC_enableSubBand
 .text.LMIC_disableSubBand
                0x000000000800ee74       0x54 ./lmic/lmic.o
                0x000000000800ee74                LMIC_disableSubBand
 .text.LMIC_selectSubBand
                0x000000000800eec8       0x58 ./lmic/lmic.o
                0x000000000800eec8                LMIC_selectSubBand
 .text.mapChannels
                0x000000000800ef20       0x80 ./lmic/lmic.o
 .text.updateTx
                0x000000000800efa0       0xc4 ./lmic/lmic.o
 .text._nextTx  0x000000000800f064       0xe0 ./lmic/lmic.o
 .text.setBcnRxParams
                0x000000000800f144       0x58 ./lmic/lmic.o
 .text.initJoinLoop
                0x000000000800f19c       0x50 ./lmic/lmic.o
 .text.nextJoinState
                0x000000000800f1ec       0xc0 ./lmic/lmic.o
 .text.runEngineUpdate
                0x000000000800f2ac       0x14 ./lmic/lmic.o
 .text.reportEvent
                0x000000000800f2c0       0x1e ./lmic/lmic.o
 .text.runReset
                0x000000000800f2de       0x1e ./lmic/lmic.o
 .text.stateJustJoined
                0x000000000800f2fc       0xc0 ./lmic/lmic.o
 .text.decodeBeacon
                0x000000000800f3bc      0x134 ./lmic/lmic.o
 .text.decodeFrame
                0x000000000800f4f0      0x760 ./lmic/lmic.o
 .text.setupRx2
                0x000000000800fc50       0x40 ./lmic/lmic.o
 .text.schedRx12
                0x000000000800fc90      0x104 ./lmic/lmic.o
 .text.setupRx1
                0x000000000800fd94       0x44 ./lmic/lmic.o
 .text.txDone   0x000000000800fdd8       0xb0 ./lmic/lmic.o
 .text.onJoinFailed
                0x000000000800fe88       0x16 ./lmic/lmic.o
 *fill*         0x000000000800fe9e        0x2 
 .text.processJoinAccept
                0x000000000800fea0      0x26c ./lmic/lmic.o
 .text.processRx2Jacc
                0x000000000801010c       0x2c ./lmic/lmic.o
 .text.setupRx2Jacc
                0x0000000008010138       0x24 ./lmic/lmic.o
 .text.processRx1Jacc
                0x000000000801015c       0x48 ./lmic/lmic.o
 .text.setupRx1Jacc
                0x00000000080101a4       0x1c ./lmic/lmic.o
 .text.jreqDone
                0x00000000080101c0       0x20 ./lmic/lmic.o
 .text.processRx2DnData
                0x00000000080101e0       0x40 ./lmic/lmic.o
 .text.setupRx2DnData
                0x0000000008010220       0x24 ./lmic/lmic.o
 .text.processRx1DnData
                0x0000000008010244       0x58 ./lmic/lmic.o
 .text.setupRx1DnData
                0x000000000801029c       0x1c ./lmic/lmic.o
 .text.updataDone
                0x00000000080102b8       0x30 ./lmic/lmic.o
 .text.buildDataFrame
                0x00000000080102e8      0x3bc ./lmic/lmic.o
 .text.onBcnRx  0x00000000080106a4       0xa8 ./lmic/lmic.o
 .text.startScan
                0x000000000801074c       0xb8 ./lmic/lmic.o
 .text.buildJoinRequest
                0x0000000008010804       0x6c ./lmic/lmic.o
 .text.startJoining
                0x0000000008010870       0x16 ./lmic/lmic.o
 *fill*         0x0000000008010886        0x2 
 .text.LMIC_startJoining
                0x0000000008010888       0x90 ./lmic/lmic.o
                0x0000000008010888                LMIC_startJoining
 .text.processPingRx
                0x0000000008010918       0x3c ./lmic/lmic.o
 .text.processDnData
                0x0000000008010954      0x1fc ./lmic/lmic.o
 .text.processBeacon
                0x0000000008010b50      0x238 ./lmic/lmic.o
 .text.startRxPing
                0x0000000008010d88       0x24 ./lmic/lmic.o
 .text.engineUpdate
                0x0000000008010dac      0x3f4 ./lmic/lmic.o
 .text.LMIC_setDrTxpow
                0x00000000080111a0       0x26 ./lmic/lmic.o
                0x00000000080111a0                LMIC_setDrTxpow
 *fill*         0x00000000080111c6        0x2 
 .text.LMIC_reset
                0x00000000080111c8       0xa0 ./lmic/lmic.o
                0x00000000080111c8                LMIC_reset
 .text.LMIC_init
                0x0000000008011268       0x1c ./lmic/lmic.o
                0x0000000008011268                LMIC_init
 .text.LMIC_setTxData
                0x0000000008011284       0x38 ./lmic/lmic.o
                0x0000000008011284                LMIC_setTxData
 .text.LMIC_setTxData2
                0x00000000080112bc       0x64 ./lmic/lmic.o
                0x00000000080112bc                LMIC_setTxData2
 .text.LMIC_setSession
                0x0000000008011320       0x8c ./lmic/lmic.o
                0x0000000008011320                LMIC_setSession
 .text.LMIC_setLinkCheckMode
                0x00000000080113ac       0x38 ./lmic/lmic.o
                0x00000000080113ac                LMIC_setLinkCheckMode
 .text.os_init  0x00000000080113e4       0x24 ./lmic/oslmic.o
                0x00000000080113e4                os_init
 .text.os_getTime
                0x0000000008011408        0xe ./lmic/oslmic.o
                0x0000000008011408                os_getTime
 .text.unlinkjob
                0x0000000008011416       0x3e ./lmic/oslmic.o
 .text.os_clearCallback
                0x0000000008011454       0x60 ./lmic/oslmic.o
                0x0000000008011454                os_clearCallback
 .text.os_setCallback
                0x00000000080114b4       0x60 ./lmic/oslmic.o
                0x00000000080114b4                os_setCallback
 .text.os_setTimedCallback
                0x0000000008011514       0x84 ./lmic/oslmic.o
                0x0000000008011514                os_setTimedCallback
 .text.os_runloop_once
                0x0000000008011598       0x98 ./lmic/oslmic.o
                0x0000000008011598                os_runloop_once
 .text.writeReg
                0x0000000008011630       0x3a ./lmic/radio.o
 .text.readReg  0x000000000801166a       0x38 ./lmic/radio.o
 .text.writeBuf
                0x00000000080116a2       0x54 ./lmic/radio.o
 .text.readBuf  0x00000000080116f6       0x56 ./lmic/radio.o
 .text.opmode   0x000000000801174c       0x34 ./lmic/radio.o
 .text.opmodeLora
                0x0000000008011780       0x24 ./lmic/radio.o
 .text.opmodeFSK
                0x00000000080117a4       0x24 ./lmic/radio.o
 .text.configLoraModem
                0x00000000080117c8      0x168 ./lmic/radio.o
 .text.configChannel
                0x0000000008011930       0x7c ./lmic/radio.o
 .text.configPower
                0x00000000080119ac       0x60 ./lmic/radio.o
 .text.txfsk    0x0000000008011a0c       0xe4 ./lmic/radio.o
 .text.txlora   0x0000000008011af0      0x164 ./lmic/radio.o
 .text.starttx  0x0000000008011c54       0x44 ./lmic/radio.o
 .text.rxlora   0x0000000008011c98      0x1dc ./lmic/radio.o
 .text.rxfsk    0x0000000008011e74       0xf0 ./lmic/radio.o
 .text.startrx  0x0000000008011f64       0x58 ./lmic/radio.o
 .text.radio_init
                0x0000000008011fbc      0x178 ./lmic/radio.o
                0x0000000008011fbc                radio_init
 .text.radio_rand1
                0x0000000008012134       0x58 ./lmic/radio.o
                0x0000000008012134                radio_rand1
 .text.radio_irq_handler
                0x000000000801218c      0x1d0 ./lmic/radio.o
                0x000000000801218c                radio_irq_handler
 .text.os_radio
                0x000000000801235c       0x58 ./lmic/radio.o
                0x000000000801235c                os_radio
 .text.printf   0x00000000080123b4       0x44 ./stm32/debug.o
                0x00000000080123b4                printf
 .text.debug_init
                0x00000000080123f8       0x14 ./stm32/debug.o
                0x00000000080123f8                debug_init
 .text.debug_char
                0x000000000801240c       0x24 ./stm32/debug.o
                0x000000000801240c                debug_char
 .text.debug_int
                0x0000000008012430       0x4a ./stm32/debug.o
                0x0000000008012430                debug_int
 *fill*         0x000000000801247a        0x2 
 .text.debug_str
                0x000000000801247c       0x28 ./stm32/debug.o
                0x000000000801247c                debug_str
 .text.debug_fmt
                0x00000000080124a4       0xf0 ./stm32/debug.o
                0x00000000080124a4                debug_fmt
 .text.debug_event
                0x0000000008012594       0x3c ./stm32/debug.o
                0x0000000008012594                debug_event
 .text.hal_io_init
                0x00000000080125d0        0xe ./stm32/hal.o
 .text.hal_pin_rxtx
                0x00000000080125de       0x16 ./stm32/hal.o
                0x00000000080125de                hal_pin_rxtx
 .text.hal_pin_nss
                0x00000000080125f4       0x24 ./stm32/hal.o
                0x00000000080125f4                hal_pin_nss
 .text.hal_pin_rst
                0x0000000008012618       0x24 ./stm32/hal.o
                0x0000000008012618                hal_pin_rst
 .text.HAL_GPIO_EXTI_Callback
                0x000000000801263c       0x36 ./stm32/hal.o
                0x000000000801263c                HAL_GPIO_EXTI_Callback
 .text.hal_spi_init
                0x0000000008012672        0xe ./stm32/hal.o
 .text.SPIWrite8bit
                0x0000000008012680       0x28 ./stm32/hal.o
                0x0000000008012680                SPIWrite8bit
 .text.SPIRead8bit
                0x00000000080126a8       0x28 ./stm32/hal.o
                0x00000000080126a8                SPIRead8bit
 .text.hal_time_init
                0x00000000080126d0        0xe ./stm32/hal.o
 *fill*         0x00000000080126de        0x2 
 .text.hal_ticks
                0x00000000080126e0       0x60 ./stm32/hal.o
                0x00000000080126e0                hal_ticks
 .text.deltaticks
                0x0000000008012740       0x3a ./stm32/hal.o
 .text.hal_waitUntil
                0x000000000801277a       0x20 ./stm32/hal.o
                0x000000000801277a                hal_waitUntil
 *fill*         0x000000000801279a        0x2 
 .text.hal_checkTimer
                0x000000000801279c       0x7c ./stm32/hal.o
                0x000000000801279c                hal_checkTimer
 .text.HAL_TIM_PeriodElapsedCallback
                0x0000000008012818       0x54 ./stm32/hal.o
                0x0000000008012818                HAL_TIM_PeriodElapsedCallback
 .text.hal_disableIRQs
                0x000000000801286c       0x20 ./stm32/hal.o
                0x000000000801286c                hal_disableIRQs
 .text.hal_enableIRQs
                0x000000000801288c       0x28 ./stm32/hal.o
                0x000000000801288c                hal_enableIRQs
 .text.hal_sleep
                0x00000000080128b4       0x14 ./stm32/hal.o
                0x00000000080128b4                hal_sleep
 .text.hal_init
                0x00000000080128c8       0x30 ./stm32/hal.o
                0x00000000080128c8                hal_init
 .text.hal_failed
                0x00000000080128f8       0x16 ./stm32/hal.o
                0x00000000080128f8                hal_failed
 .text.sulp     0x000000000801290e       0x38 D:/STM32CubeIDE_1.13.2/STM32CubeIDE/plugins/com.st.stm32cube.ide.mcu.externaltools.gnu-tools-for-stm32.11.3.rel1.win32_1.1.1.202309131626/tools/bin/../lib/gcc/arm-none-eabi/11.3.1/../../../../arm-none-eabi/lib/thumb/v7e-m+fp/hard\libc_nano.a(libc_a-strtod.o)
 *fill*         0x0000000008012946        0x2 
 .text._strtod_l
                0x0000000008012948      0xbe0 D:/STM32CubeIDE_1.13.2/STM32CubeIDE/plugins/com.st.stm32cube.ide.mcu.externaltools.gnu-tools-for-stm32.11.3.rel1.win32_1.1.1.202309131626/tools/bin/../lib/gcc/arm-none-eabi/11.3.1/../../../../arm-none-eabi/lib/thumb/v7e-m+fp/hard\libc_nano.a(libc_a-strtod.o)
                0x0000000008012948                _strtod_l
 .text.strtod   0x0000000008013528       0x18 D:/STM32CubeIDE_1.13.2/STM32CubeIDE/plugins/com.st.stm32cube.ide.mcu.externaltools.gnu-tools-for-stm32.11.3.rel1.win32_1.1.1.202309131626/tools/bin/../lib/gcc/arm-none-eabi/11.3.1/../../../../arm-none-eabi/lib/thumb/v7e-m+fp/hard\libc_nano.a(libc_a-strtod.o)
                0x0000000008013528                strtod
 .text.std      0x0000000008013540       0x6c D:/STM32CubeIDE_1.13.2/STM32CubeIDE/plugins/com.st.stm32cube.ide.mcu.externaltools.gnu-tools-for-stm32.11.3.rel1.win32_1.1.1.202309131626/tools/bin/../lib/gcc/arm-none-eabi/11.3.1/../../../../arm-none-eabi/lib/thumb/v7e-m+fp/hard\libc_nano.a(libc_a-findfp.o)
 .text.stdio_exit_handler
                0x00000000080135ac       0x18 D:/STM32CubeIDE_1.13.2/STM32CubeIDE/plugins/com.st.stm32cube.ide.mcu.externaltools.gnu-tools-for-stm32.11.3.rel1.win32_1.1.1.202309131626/tools/bin/../lib/gcc/arm-none-eabi/11.3.1/../../../../arm-none-eabi/lib/thumb/v7e-m+fp/hard\libc_nano.a(libc_a-findfp.o)
 .text.cleanup_stdio
                0x00000000080135c4       0x40 D:/STM32CubeIDE_1.13.2/STM32CubeIDE/plugins/com.st.stm32cube.ide.mcu.externaltools.gnu-tools-for-stm32.11.3.rel1.win32_1.1.1.202309131626/tools/bin/../lib/gcc/arm-none-eabi/11.3.1/../../../../arm-none-eabi/lib/thumb/v7e-m+fp/hard\libc_nano.a(libc_a-findfp.o)
 .text.global_stdio_init.part.0
                0x0000000008013604       0x3c D:/STM32CubeIDE_1.13.2/STM32CubeIDE/plugins/com.st.stm32cube.ide.mcu.externaltools.gnu-tools-for-stm32.11.3.rel1.win32_1.1.1.202309131626/tools/bin/../lib/gcc/arm-none-eabi/11.3.1/../../../../arm-none-eabi/lib/thumb/v7e-m+fp/hard\libc_nano.a(libc_a-findfp.o)
 .text.__sfp_lock_acquire
                0x0000000008013640        0xc D:/STM32CubeIDE_1.13.2/STM32CubeIDE/plugins/com.st.stm32cube.ide.mcu.externaltools.gnu-tools-for-stm32.11.3.rel1.win32_1.1.1.202309131626/tools/bin/../lib/gcc/arm-none-eabi/11.3.1/../../../../arm-none-eabi/lib/thumb/v7e-m+fp/hard\libc_nano.a(libc_a-findfp.o)
                0x0000000008013640                __sfp_lock_acquire
 .text.__sfp_lock_release
                0x000000000801364c        0xc D:/STM32CubeIDE_1.13.2/STM32CubeIDE/plugins/com.st.stm32cube.ide.mcu.externaltools.gnu-tools-for-stm32.11.3.rel1.win32_1.1.1.202309131626/tools/bin/../lib/gcc/arm-none-eabi/11.3.1/../../../../arm-none-eabi/lib/thumb/v7e-m+fp/hard\libc_nano.a(libc_a-findfp.o)
                0x000000000801364c                __sfp_lock_release
 .text.__sinit  0x0000000008013658       0x30 D:/STM32CubeIDE_1.13.2/STM32CubeIDE/plugins/com.st.stm32cube.ide.mcu.externaltools.gnu-tools-for-stm32.11.3.rel1.win32_1.1.1.202309131626/tools/bin/../lib/gcc/arm-none-eabi/11.3.1/../../../../arm-none-eabi/lib/thumb/v7e-m+fp/hard\libc_nano.a(libc_a-findfp.o)
                0x0000000008013658                __sinit
 .text._fwalk_sglue
                0x0000000008013688       0x3c D:/STM32CubeIDE_1.13.2/STM32CubeIDE/plugins/com.st.stm32cube.ide.mcu.externaltools.gnu-tools-for-stm32.11.3.rel1.win32_1.1.1.202309131626/tools/bin/../lib/gcc/arm-none-eabi/11.3.1/../../../../arm-none-eabi/lib/thumb/v7e-m+fp/hard\libc_nano.a(libc_a-fwalk.o)
                0x0000000008013688                _fwalk_sglue
 .text._puts_r  0x00000000080136c4       0xa8 D:/STM32CubeIDE_1.13.2/STM32CubeIDE/plugins/com.st.stm32cube.ide.mcu.externaltools.gnu-tools-for-stm32.11.3.rel1.win32_1.1.1.202309131626/tools/bin/../lib/gcc/arm-none-eabi/11.3.1/../../../../arm-none-eabi/lib/thumb/v7e-m+fp/hard\libc_nano.a(libc_a-puts.o)
                0x00000000080136c4                _puts_r
 .text.puts     0x000000000801376c       0x10 D:/STM32CubeIDE_1.13.2/STM32CubeIDE/plugins/com.st.stm32cube.ide.mcu.externaltools.gnu-tools-for-stm32.11.3.rel1.win32_1.1.1.202309131626/tools/bin/../lib/gcc/arm-none-eabi/11.3.1/../../../../arm-none-eabi/lib/thumb/v7e-m+fp/hard\libc_nano.a(libc_a-puts.o)
                0x000000000801376c                puts
 .text.__sread  0x000000000801377c       0x22 D:/STM32CubeIDE_1.13.2/STM32CubeIDE/plugins/com.st.stm32cube.ide.mcu.externaltools.gnu-tools-for-stm32.11.3.rel1.win32_1.1.1.202309131626/tools/bin/../lib/gcc/arm-none-eabi/11.3.1/../../../../arm-none-eabi/lib/thumb/v7e-m+fp/hard\libc_nano.a(libc_a-stdio.o)
                0x000000000801377c                __sread
 .text.__swrite
                0x000000000801379e       0x38 D:/STM32CubeIDE_1.13.2/STM32CubeIDE/plugins/com.st.stm32cube.ide.mcu.externaltools.gnu-tools-for-stm32.11.3.rel1.win32_1.1.1.202309131626/tools/bin/../lib/gcc/arm-none-eabi/11.3.1/../../../../arm-none-eabi/lib/thumb/v7e-m+fp/hard\libc_nano.a(libc_a-stdio.o)
                0x000000000801379e                __swrite
 .text.__sseek  0x00000000080137d6       0x24 D:/STM32CubeIDE_1.13.2/STM32CubeIDE/plugins/com.st.stm32cube.ide.mcu.externaltools.gnu-tools-for-stm32.11.3.rel1.win32_1.1.1.202309131626/tools/bin/../lib/gcc/arm-none-eabi/11.3.1/../../../../arm-none-eabi/lib/thumb/v7e-m+fp/hard\libc_nano.a(libc_a-stdio.o)
                0x00000000080137d6                __sseek
 .text.__sclose
                0x00000000080137fa        0x8 D:/STM32CubeIDE_1.13.2/STM32CubeIDE/plugins/com.st.stm32cube.ide.mcu.externaltools.gnu-tools-for-stm32.11.3.rel1.win32_1.1.1.202309131626/tools/bin/../lib/gcc/arm-none-eabi/11.3.1/../../../../arm-none-eabi/lib/thumb/v7e-m+fp/hard\libc_nano.a(libc_a-stdio.o)
                0x00000000080137fa                __sclose
 .text._vsnprintf_r
                0x0000000008013802       0x56 D:/STM32CubeIDE_1.13.2/STM32CubeIDE/plugins/com.st.stm32cube.ide.mcu.externaltools.gnu-tools-for-stm32.11.3.rel1.win32_1.1.1.202309131626/tools/bin/../lib/gcc/arm-none-eabi/11.3.1/../../../../arm-none-eabi/lib/thumb/v7e-m+fp/hard\libc_nano.a(libc_a-vsnprintf.o)
                0x0000000008013802                _vsniprintf_r
                0x0000000008013802                _vsnprintf_r
 .text.vsnprintf
                0x0000000008013858       0x1c D:/STM32CubeIDE_1.13.2/STM32CubeIDE/plugins/com.st.stm32cube.ide.mcu.externaltools.gnu-tools-for-stm32.11.3.rel1.win32_1.1.1.202309131626/tools/bin/../lib/gcc/arm-none-eabi/11.3.1/../../../../arm-none-eabi/lib/thumb/v7e-m+fp/hard\libc_nano.a(libc_a-vsnprintf.o)
                0x0000000008013858                vsniprintf
                0x0000000008013858                vsnprintf
 .text.__swbuf_r
                0x0000000008013874       0x7a D:/STM32CubeIDE_1.13.2/STM32CubeIDE/plugins/com.st.stm32cube.ide.mcu.externaltools.gnu-tools-for-stm32.11.3.rel1.win32_1.1.1.202309131626/tools/bin/../lib/gcc/arm-none-eabi/11.3.1/../../../../arm-none-eabi/lib/thumb/v7e-m+fp/hard\libc_nano.a(libc_a-wbuf.o)
                0x0000000008013874                __swbuf_r
 *fill*         0x00000000080138ee        0x2 
 .text.__swsetup_r
                0x00000000080138f0       0xb0 D:/STM32CubeIDE_1.13.2/STM32CubeIDE/plugins/com.st.stm32cube.ide.mcu.externaltools.gnu-tools-for-stm32.11.3.rel1.win32_1.1.1.202309131626/tools/bin/../lib/gcc/arm-none-eabi/11.3.1/../../../../arm-none-eabi/lib/thumb/v7e-m+fp/hard\libc_nano.a(libc_a-wsetup.o)
                0x00000000080138f0                __swsetup_r
 .text.memset   0x00000000080139a0       0x10 D:/STM32CubeIDE_1.13.2/STM32CubeIDE/plugins/com.st.stm32cube.ide.mcu.externaltools.gnu-tools-for-stm32.11.3.rel1.win32_1.1.1.202309131626/tools/bin/../lib/gcc/arm-none-eabi/11.3.1/../../../../arm-none-eabi/lib/thumb/v7e-m+fp/hard\libc_nano.a(libc_a-memset.o)
                0x00000000080139a0                memset
 .text.strncmp  0x00000000080139b0       0x24 D:/STM32CubeIDE_1.13.2/STM32CubeIDE/plugins/com.st.stm32cube.ide.mcu.externaltools.gnu-tools-for-stm32.11.3.rel1.win32_1.1.1.202309131626/tools/bin/../lib/gcc/arm-none-eabi/11.3.1/../../../../arm-none-eabi/lib/thumb/v7e-m+fp/hard\libc_nano.a(libc_a-strncmp.o)
                0x00000000080139b0                strncmp
 .text._close_r
                0x00000000080139d4       0x20 D:/STM32CubeIDE_1.13.2/STM32CubeIDE/plugins/com.st.stm32cube.ide.mcu.externaltools.gnu-tools-for-stm32.11.3.rel1.win32_1.1.1.202309131626/tools/bin/../lib/gcc/arm-none-eabi/11.3.1/../../../../arm-none-eabi/lib/thumb/v7e-m+fp/hard\libc_nano.a(libc_a-closer.o)
                0x00000000080139d4                _close_r
 .text._lseek_r
                0x00000000080139f4       0x24 D:/STM32CubeIDE_1.13.2/STM32CubeIDE/plugins/com.st.stm32cube.ide.mcu.externaltools.gnu-tools-for-stm32.11.3.rel1.win32_1.1.1.202309131626/tools/bin/../lib/gcc/arm-none-eabi/11.3.1/../../../../arm-none-eabi/lib/thumb/v7e-m+fp/hard\libc_nano.a(libc_a-lseekr.o)
                0x00000000080139f4                _lseek_r
 .text._read_r  0x0000000008013a18       0x24 D:/STM32CubeIDE_1.13.2/STM32CubeIDE/plugins/com.st.stm32cube.ide.mcu.externaltools.gnu-tools-for-stm32.11.3.rel1.win32_1.1.1.202309131626/tools/bin/../lib/gcc/arm-none-eabi/11.3.1/../../../../arm-none-eabi/lib/thumb/v7e-m+fp/hard\libc_nano.a(libc_a-readr.o)
                0x0000000008013a18                _read_r
 .text._write_r
                0x0000000008013a3c       0x24 D:/STM32CubeIDE_1.13.2/STM32CubeIDE/plugins/com.st.stm32cube.ide.mcu.externaltools.gnu-tools-for-stm32.11.3.rel1.win32_1.1.1.202309131626/tools/bin/../lib/gcc/arm-none-eabi/11.3.1/../../../../arm-none-eabi/lib/thumb/v7e-m+fp/hard\libc_nano.a(libc_a-writer.o)
                0x0000000008013a3c                _write_r
 .text.__errno  0x0000000008013a60        0xc D:/STM32CubeIDE_1.13.2/STM32CubeIDE/plugins/com.st.stm32cube.ide.mcu.externaltools.gnu-tools-for-stm32.11.3.rel1.win32_1.1.1.202309131626/tools/bin/../lib/gcc/arm-none-eabi/11.3.1/../../../../arm-none-eabi/lib/thumb/v7e-m+fp/hard\libc_nano.a(libc_a-errno.o)
                0x0000000008013a60                __errno
 .text.__libc_init_array
                0x0000000008013a6c       0x48 D:/STM32CubeIDE_1.13.2/STM32CubeIDE/plugins/com.st.stm32cube.ide.mcu.externaltools.gnu-tools-for-stm32.11.3.rel1.win32_1.1.1.202309131626/tools/bin/../lib/gcc/arm-none-eabi/11.3.1/../../../../arm-none-eabi/lib/thumb/v7e-m+fp/hard\libc_nano.a(libc_a-init.o)
                0x0000000008013a6c                __libc_init_array
 .text.__retarget_lock_init_recursive
                0x0000000008013ab4        0x2 D:/STM32CubeIDE_1.13.2/STM32CubeIDE/plugins/com.st.stm32cube.ide.mcu.externaltools.gnu-tools-for-stm32.11.3.rel1.win32_1.1.1.202309131626/tools/bin/../lib/gcc/arm-none-eabi/11.3.1/../../../../arm-none-eabi/lib/thumb/v7e-m+fp/hard\libc_nano.a(libc_a-lock.o)
                0x0000000008013ab4                __retarget_lock_init_recursive
 .text.__retarget_lock_acquire_recursive
                0x0000000008013ab6        0x2 D:/STM32CubeIDE_1.13.2/STM32CubeIDE/plugins/com.st.stm32cube.ide.mcu.externaltools.gnu-tools-for-stm32.11.3.rel1.win32_1.1.1.202309131626/tools/bin/../lib/gcc/arm-none-eabi/11.3.1/../../../../arm-none-eabi/lib/thumb/v7e-m+fp/hard\libc_nano.a(libc_a-lock.o)
                0x0000000008013ab6                __retarget_lock_acquire_recursive
 .text.__retarget_lock_release_recursive
                0x0000000008013ab8        0x2 D:/STM32CubeIDE_1.13.2/STM32CubeIDE/plugins/com.st.stm32cube.ide.mcu.externaltools.gnu-tools-for-stm32.11.3.rel1.win32_1.1.1.202309131626/tools/bin/../lib/gcc/arm-none-eabi/11.3.1/../../../../arm-none-eabi/lib/thumb/v7e-m+fp/hard\libc_nano.a(libc_a-lock.o)
                0x0000000008013ab8                __retarget_lock_release_recursive
 .text.memcpy   0x0000000008013aba       0x1c D:/STM32CubeIDE_1.13.2/STM32CubeIDE/plugins/com.st.stm32cube.ide.mcu.externaltools.gnu-tools-for-stm32.11.3.rel1.win32_1.1.1.202309131626/tools/bin/../lib/gcc/arm-none-eabi/11.3.1/../../../../arm-none-eabi/lib/thumb/v7e-m+fp/hard\libc_nano.a(libc_a-memcpy-stub.o)
                0x0000000008013aba                memcpy
 *fill*         0x0000000008013ad6        0x2 
 .text.nan      0x0000000008013ad8       0x10 D:/STM32CubeIDE_1.13.2/STM32CubeIDE/plugins/com.st.stm32cube.ide.mcu.externaltools.gnu-tools-for-stm32.11.3.rel1.win32_1.1.1.202309131626/tools/bin/../lib/gcc/arm-none-eabi/11.3.1/../../../../arm-none-eabi/lib/thumb/v7e-m+fp/hard\libc_nano.a(libm_a-s_nan.o)
                0x0000000008013ad8                nan
 .text._free_r  0x0000000008013ae8       0x98 D:/STM32CubeIDE_1.13.2/STM32CubeIDE/plugins/com.st.stm32cube.ide.mcu.externaltools.gnu-tools-for-stm32.11.3.rel1.win32_1.1.1.202309131626/tools/bin/../lib/gcc/arm-none-eabi/11.3.1/../../../../arm-none-eabi/lib/thumb/v7e-m+fp/hard\libc_nano.a(libc_a-freer.o)
                0x0000000008013ae8                _free_r
 .text.rshift   0x0000000008013b80       0xa4 D:/STM32CubeIDE_1.13.2/STM32CubeIDE/plugins/com.st.stm32cube.ide.mcu.externaltools.gnu-tools-for-stm32.11.3.rel1.win32_1.1.1.202309131626/tools/bin/../lib/gcc/arm-none-eabi/11.3.1/../../../../arm-none-eabi/lib/thumb/v7e-m+fp/hard\libc_nano.a(libc_a-gdtoa-gethex.o)
 .text.__hexdig_fun
                0x0000000008013c24       0x2a D:/STM32CubeIDE_1.13.2/STM32CubeIDE/plugins/com.st.stm32cube.ide.mcu.externaltools.gnu-tools-for-stm32.11.3.rel1.win32_1.1.1.202309131626/tools/bin/../lib/gcc/arm-none-eabi/11.3.1/../../../../arm-none-eabi/lib/thumb/v7e-m+fp/hard\libc_nano.a(libc_a-gdtoa-gethex.o)
                0x0000000008013c24                __hexdig_fun
 *fill*         0x0000000008013c4e        0x2 
 .text.__gethex
                0x0000000008013c50      0x45c D:/STM32CubeIDE_1.13.2/STM32CubeIDE/plugins/com.st.stm32cube.ide.mcu.externaltools.gnu-tools-for-stm32.11.3.rel1.win32_1.1.1.202309131626/tools/bin/../lib/gcc/arm-none-eabi/11.3.1/../../../../arm-none-eabi/lib/thumb/v7e-m+fp/hard\libc_nano.a(libc_a-gdtoa-gethex.o)
                0x0000000008013c50                __gethex
 .text.L_shift  0x00000000080140ac       0x24 D:/STM32CubeIDE_1.13.2/STM32CubeIDE/plugins/com.st.stm32cube.ide.mcu.externaltools.gnu-tools-for-stm32.11.3.rel1.win32_1.1.1.202309131626/tools/bin/../lib/gcc/arm-none-eabi/11.3.1/../../../../arm-none-eabi/lib/thumb/v7e-m+fp/hard\libc_nano.a(libc_a-gdtoa-hexnan.o)
 .text.__match  0x00000000080140d0       0x28 D:/STM32CubeIDE_1.13.2/STM32CubeIDE/plugins/com.st.stm32cube.ide.mcu.externaltools.gnu-tools-for-stm32.11.3.rel1.win32_1.1.1.202309131626/tools/bin/../lib/gcc/arm-none-eabi/11.3.1/../../../../arm-none-eabi/lib/thumb/v7e-m+fp/hard\libc_nano.a(libc_a-gdtoa-hexnan.o)
                0x00000000080140d0                __match
 .text.__hexnan
                0x00000000080140f8      0x136 D:/STM32CubeIDE_1.13.2/STM32CubeIDE/plugins/com.st.stm32cube.ide.mcu.externaltools.gnu-tools-for-stm32.11.3.rel1.win32_1.1.1.202309131626/tools/bin/../lib/gcc/arm-none-eabi/11.3.1/../../../../arm-none-eabi/lib/thumb/v7e-m+fp/hard\libc_nano.a(libc_a-gdtoa-hexnan.o)
                0x00000000080140f8                __hexnan
 *fill*         0x000000000801422e        0x2 
 .text.sbrk_aligned
                0x0000000008014230       0x40 D:/STM32CubeIDE_1.13.2/STM32CubeIDE/plugins/com.st.stm32cube.ide.mcu.externaltools.gnu-tools-for-stm32.11.3.rel1.win32_1.1.1.202309131626/tools/bin/../lib/gcc/arm-none-eabi/11.3.1/../../../../arm-none-eabi/lib/thumb/v7e-m+fp/hard\libc_nano.a(libc_a-mallocr.o)
 .text._malloc_r
                0x0000000008014270      0x100 D:/STM32CubeIDE_1.13.2/STM32CubeIDE/plugins/com.st.stm32cube.ide.mcu.externaltools.gnu-tools-for-stm32.11.3.rel1.win32_1.1.1.202309131626/tools/bin/../lib/gcc/arm-none-eabi/11.3.1/../../../../arm-none-eabi/lib/thumb/v7e-m+fp/hard\libc_nano.a(libc_a-mallocr.o)
                0x0000000008014270                _malloc_r
 .text.__ascii_mbtowc
                0x0000000008014370       0x24 D:/STM32CubeIDE_1.13.2/STM32CubeIDE/plugins/com.st.stm32cube.ide.mcu.externaltools.gnu-tools-for-stm32.11.3.rel1.win32_1.1.1.202309131626/tools/bin/../lib/gcc/arm-none-eabi/11.3.1/../../../../arm-none-eabi/lib/thumb/v7e-m+fp/hard\libc_nano.a(libc_a-mbtowc_r.o)
                0x0000000008014370                __ascii_mbtowc
 .text.__malloc_lock
                0x0000000008014394        0xc D:/STM32CubeIDE_1.13.2/STM32CubeIDE/plugins/com.st.stm32cube.ide.mcu.externaltools.gnu-tools-for-stm32.11.3.rel1.win32_1.1.1.202309131626/tools/bin/../lib/gcc/arm-none-eabi/11.3.1/../../../../arm-none-eabi/lib/thumb/v7e-m+fp/hard\libc_nano.a(libc_a-mlock.o)
                0x0000000008014394                __malloc_lock
 .text.__malloc_unlock
                0x00000000080143a0        0xc D:/STM32CubeIDE_1.13.2/STM32CubeIDE/plugins/com.st.stm32cube.ide.mcu.externaltools.gnu-tools-for-stm32.11.3.rel1.win32_1.1.1.202309131626/tools/bin/../lib/gcc/arm-none-eabi/11.3.1/../../../../arm-none-eabi/lib/thumb/v7e-m+fp/hard\libc_nano.a(libc_a-mlock.o)
                0x00000000080143a0                __malloc_unlock
 .text._Balloc  0x00000000080143ac       0x80 D:/STM32CubeIDE_1.13.2/STM32CubeIDE/plugins/com.st.stm32cube.ide.mcu.externaltools.gnu-tools-for-stm32.11.3.rel1.win32_1.1.1.202309131626/tools/bin/../lib/gcc/arm-none-eabi/11.3.1/../../../../arm-none-eabi/lib/thumb/v7e-m+fp/hard\libc_nano.a(libc_a-mprec.o)
                0x00000000080143ac                _Balloc
 .text._Bfree   0x000000000801442c       0x44 D:/STM32CubeIDE_1.13.2/STM32CubeIDE/plugins/com.st.stm32cube.ide.mcu.externaltools.gnu-tools-for-stm32.11.3.rel1.win32_1.1.1.202309131626/tools/bin/../lib/gcc/arm-none-eabi/11.3.1/../../../../arm-none-eabi/lib/thumb/v7e-m+fp/hard\libc_nano.a(libc_a-mprec.o)
                0x000000000801442c                _Bfree
 .text.__multadd
                0x0000000008014470       0x8c D:/STM32CubeIDE_1.13.2/STM32CubeIDE/plugins/com.st.stm32cube.ide.mcu.externaltools.gnu-tools-for-stm32.11.3.rel1.win32_1.1.1.202309131626/tools/bin/../lib/gcc/arm-none-eabi/11.3.1/../../../../arm-none-eabi/lib/thumb/v7e-m+fp/hard\libc_nano.a(libc_a-mprec.o)
                0x0000000008014470                __multadd
 .text.__s2b    0x00000000080144fc       0x94 D:/STM32CubeIDE_1.13.2/STM32CubeIDE/plugins/com.st.stm32cube.ide.mcu.externaltools.gnu-tools-for-stm32.11.3.rel1.win32_1.1.1.202309131626/tools/bin/../lib/gcc/arm-none-eabi/11.3.1/../../../../arm-none-eabi/lib/thumb/v7e-m+fp/hard\libc_nano.a(libc_a-mprec.o)
                0x00000000080144fc                __s2b
 .text.__hi0bits
                0x0000000008014590       0x40 D:/STM32CubeIDE_1.13.2/STM32CubeIDE/plugins/com.st.stm32cube.ide.mcu.externaltools.gnu-tools-for-stm32.11.3.rel1.win32_1.1.1.202309131626/tools/bin/../lib/gcc/arm-none-eabi/11.3.1/../../../../arm-none-eabi/lib/thumb/v7e-m+fp/hard\libc_nano.a(libc_a-mprec.o)
                0x0000000008014590                __hi0bits
 .text.__lo0bits
                0x00000000080145d0       0x5a D:/STM32CubeIDE_1.13.2/STM32CubeIDE/plugins/com.st.stm32cube.ide.mcu.externaltools.gnu-tools-for-stm32.11.3.rel1.win32_1.1.1.202309131626/tools/bin/../lib/gcc/arm-none-eabi/11.3.1/../../../../arm-none-eabi/lib/thumb/v7e-m+fp/hard\libc_nano.a(libc_a-mprec.o)
                0x00000000080145d0                __lo0bits
 *fill*         0x000000000801462a        0x2 
 .text.__i2b    0x000000000801462c       0x2c D:/STM32CubeIDE_1.13.2/STM32CubeIDE/plugins/com.st.stm32cube.ide.mcu.externaltools.gnu-tools-for-stm32.11.3.rel1.win32_1.1.1.202309131626/tools/bin/../lib/gcc/arm-none-eabi/11.3.1/../../../../arm-none-eabi/lib/thumb/v7e-m+fp/hard\libc_nano.a(libc_a-mprec.o)
                0x000000000801462c                __i2b
 .text.__multiply
                0x0000000008014658      0x154 D:/STM32CubeIDE_1.13.2/STM32CubeIDE/plugins/com.st.stm32cube.ide.mcu.externaltools.gnu-tools-for-stm32.11.3.rel1.win32_1.1.1.202309131626/tools/bin/../lib/gcc/arm-none-eabi/11.3.1/../../../../arm-none-eabi/lib/thumb/v7e-m+fp/hard\libc_nano.a(libc_a-mprec.o)
                0x0000000008014658                __multiply
 .text.__pow5mult
                0x00000000080147ac       0xb4 D:/STM32CubeIDE_1.13.2/STM32CubeIDE/plugins/com.st.stm32cube.ide.mcu.externaltools.gnu-tools-for-stm32.11.3.rel1.win32_1.1.1.202309131626/tools/bin/../lib/gcc/arm-none-eabi/11.3.1/../../../../arm-none-eabi/lib/thumb/v7e-m+fp/hard\libc_nano.a(libc_a-mprec.o)
                0x00000000080147ac                __pow5mult
 .text.__lshift
                0x0000000008014860       0xd8 D:/STM32CubeIDE_1.13.2/STM32CubeIDE/plugins/com.st.stm32cube.ide.mcu.externaltools.gnu-tools-for-stm32.11.3.rel1.win32_1.1.1.202309131626/tools/bin/../lib/gcc/arm-none-eabi/11.3.1/../../../../arm-none-eabi/lib/thumb/v7e-m+fp/hard\libc_nano.a(libc_a-mprec.o)
                0x0000000008014860                __lshift
 .text.__mcmp   0x0000000008014938       0x38 D:/STM32CubeIDE_1.13.2/STM32CubeIDE/plugins/com.st.stm32cube.ide.mcu.externaltools.gnu-tools-for-stm32.11.3.rel1.win32_1.1.1.202309131626/tools/bin/../lib/gcc/arm-none-eabi/11.3.1/../../../../arm-none-eabi/lib/thumb/v7e-m+fp/hard\libc_nano.a(libc_a-mprec.o)
                0x0000000008014938                __mcmp
 .text.__mdiff  0x0000000008014970      0x114 D:/STM32CubeIDE_1.13.2/STM32CubeIDE/plugins/com.st.stm32cube.ide.mcu.externaltools.gnu-tools-for-stm32.11.3.rel1.win32_1.1.1.202309131626/tools/bin/../lib/gcc/arm-none-eabi/11.3.1/../../../../arm-none-eabi/lib/thumb/v7e-m+fp/hard\libc_nano.a(libc_a-mprec.o)
                0x0000000008014970                __mdiff
 .text.__ulp    0x0000000008014a84       0x4c D:/STM32CubeIDE_1.13.2/STM32CubeIDE/plugins/com.st.stm32cube.ide.mcu.externaltools.gnu-tools-for-stm32.11.3.rel1.win32_1.1.1.202309131626/tools/bin/../lib/gcc/arm-none-eabi/11.3.1/../../../../arm-none-eabi/lib/thumb/v7e-m+fp/hard\libc_nano.a(libc_a-mprec.o)
                0x0000000008014a84                __ulp
 .text.__b2d    0x0000000008014ad0       0x94 D:/STM32CubeIDE_1.13.2/STM32CubeIDE/plugins/com.st.stm32cube.ide.mcu.externaltools.gnu-tools-for-stm32.11.3.rel1.win32_1.1.1.202309131626/tools/bin/../lib/gcc/arm-none-eabi/11.3.1/../../../../arm-none-eabi/lib/thumb/v7e-m+fp/hard\libc_nano.a(libc_a-mprec.o)
                0x0000000008014ad0                __b2d
 .text.__d2b    0x0000000008014b64       0xb4 D:/STM32CubeIDE_1.13.2/STM32CubeIDE/plugins/com.st.stm32cube.ide.mcu.externaltools.gnu-tools-for-stm32.11.3.rel1.win32_1.1.1.202309131626/tools/bin/../lib/gcc/arm-none-eabi/11.3.1/../../../../arm-none-eabi/lib/thumb/v7e-m+fp/hard\libc_nano.a(libc_a-mprec.o)
                0x0000000008014b64                __d2b
 .text.__ratio  0x0000000008014c18       0x66 D:/STM32CubeIDE_1.13.2/STM32CubeIDE/plugins/com.st.stm32cube.ide.mcu.externaltools.gnu-tools-for-stm32.11.3.rel1.win32_1.1.1.202309131626/tools/bin/../lib/gcc/arm-none-eabi/11.3.1/../../../../arm-none-eabi/lib/thumb/v7e-m+fp/hard\libc_nano.a(libc_a-mprec.o)
                0x0000000008014c18                __ratio
 .text.__copybits
                0x0000000008014c7e       0x46 D:/STM32CubeIDE_1.13.2/STM32CubeIDE/plugins/com.st.stm32cube.ide.mcu.externaltools.gnu-tools-for-stm32.11.3.rel1.win32_1.1.1.202309131626/tools/bin/../lib/gcc/arm-none-eabi/11.3.1/../../../../arm-none-eabi/lib/thumb/v7e-m+fp/hard\libc_nano.a(libc_a-mprec.o)
                0x0000000008014c7e                __copybits
 .text.__any_on