../Core/Src/main.c:193:6:HAL_UART_RxCpltCallback	16	static
../Core/Src/main.c:207:6:deleteBuffer	24	static
../Core/Src/main.c:221:6:os_getArtEui	16	static
../Core/Src/main.c:226:6:os_getDevEui	16	static
../Core/Src/main.c:231:6:os_getDevKey	24	static
../Core/Src/main.c:241:6:do_send	104	static
../Core/Src/main.c:301:6:onEvent	16	static
../Core/Src/main.c:378:6:initfunc	56	static
../Core/Src/main.c:443:6:UpdateGPS	56	static
../Core/Src/main.c:469:6:initializeStartPointGPS	32	static
../Core/Src/main.c:477:6:initializeFirstAngle	4	static
../Core/Src/main.c:486:6:calculateAngleOfSystem	8	static
../Core/Src/main.c:498:7:informationFirstPhase	8	static
../Core/Src/main.c:507:6:findAngleForFirstPhase	8	static
../Core/Src/main.c:513:7:calculateBatteryPercentage	24	static
../Core/Src/main.c:530:6:processingBatteryPercentage	8	static
../Core/Src/main.c:545:5:main	32	static
../Core/Src/main.c:677:6:SystemClock_Config	160	static
../Core/Src/main.c:733:13:MX_ADC1_Init	48	static
../Core/Src/main.c:799:13:MX_I2C1_Init	8	static
../Core/Src/main.c:847:13:MX_SPI1_Init	8	static
../Core/Src/main.c:886:13:MX_SPI2_Init	8	static
../Core/Src/main.c:926:13:MX_TIM2_Init	64	static
../Core/Src/main.c:989:13:MX_TIM3_Init	64	static
../Core/Src/main.c:1052:13:MX_TIM4_Init	48	static
../Core/Src/main.c:1100:13:MX_TIM7_Init	24	static
../Core/Src/main.c:1138:13:MX_TIM8_Init	40	static
../Core/Src/main.c:1185:13:MX_USART1_UART_Init	8	static
../Core/Src/main.c:1220:13:MX_USART2_UART_Init	8	static
../Core/Src/main.c:1253:13:MX_DMA_Init	16	static
../Core/Src/main.c:1274:13:MX_GPIO_Init	48	static
../Core/Src/main.c:1324:6:Error_Handler	4	static,ignoring_inline_asm
